Archive member included because of file (symbol)

C:/MinGW/msys/1.0/opt/devkitpro/libogc/lib/wii\libogc.a(exception.o)
                              main.o (__exception_closeall)
C:/MinGW/msys/1.0/opt/devkitpro/libogc/lib/wii\libogc.a(irq_handler.o)
                              C:/MinGW/msys/1.0/opt/devkitpro/libogc/lib/wii\libogc.a(exception.o) (irq_exceptionhandler)
C:/MinGW/msys/1.0/opt/devkitpro/libogc/lib/wii\libogc.a(video.o)
                              video.o (VIDEO_Configure)
C:/MinGW/msys/1.0/opt/devkitpro/libogc/lib/wii\libogc.a(pad.o)
                              C:/MinGW/msys/1.0/opt/devkitpro/libogc/lib/wii\libogc.a(exception.o) (PAD_Init)
C:/MinGW/msys/1.0/opt/devkitpro/libogc/lib/wii\libogc.a(cache_asm.o)
                              video.o (DCInvalidateRange)
C:/MinGW/msys/1.0/opt/devkitpro/libogc/lib/wii\libogc.a(system.o)
                              c:/mingw/msys/1.0/opt/devkitpro/devkitppc/bin/../lib/gcc/powerpc-eabi/4.6.3/../../../../powerpc-eabi/lib/crtmain.o (SYS_PreMain)
C:/MinGW/msys/1.0/opt/devkitpro/libogc/lib/wii\libogc.a(cond.o)
                              C:/MinGW/msys/1.0/opt/devkitpro/libogc/lib/wii\libogc.a(system.o) (__lwp_cond_init)
C:/MinGW/msys/1.0/opt/devkitpro/libogc/lib/wii\libogc.a(gx.o)
                              video.o (GX_Flush)
C:/MinGW/msys/1.0/opt/devkitpro/libogc/lib/wii\libogc.a(gu.o)
                              video.o (guOrtho)
C:/MinGW/msys/1.0/opt/devkitpro/libogc/lib/wii\libogc.a(gu_psasm.o)
                              video.o (ps_guMtxConcat)
C:/MinGW/msys/1.0/opt/devkitpro/libogc/lib/wii\libogc.a(decrementer.o)
                              C:/MinGW/msys/1.0/opt/devkitpro/libogc/lib/wii\libogc.a(system.o) (__decrementer_init)
C:/MinGW/msys/1.0/opt/devkitpro/libogc/lib/wii\libogc.a(message.o)
                              C:/MinGW/msys/1.0/opt/devkitpro/libogc/lib/wii\libogc.a(system.o) (__lwp_mqbox_init)
C:/MinGW/msys/1.0/opt/devkitpro/libogc/lib/wii\libogc.a(decrementer_handler.o)
                              C:/MinGW/msys/1.0/opt/devkitpro/libogc/lib/wii\libogc.a(exception.o) (dec_exceptionhandler)
C:/MinGW/msys/1.0/opt/devkitpro/libogc/lib/wii\libogc.a(si.o)
                              C:/MinGW/msys/1.0/opt/devkitpro/libogc/lib/wii\libogc.a(pad.o) (SI_Busy)
C:/MinGW/msys/1.0/opt/devkitpro/libogc/lib/wii\libogc.a(ipc.o)
                              C:/MinGW/msys/1.0/opt/devkitpro/libogc/lib/wii\libogc.a(system.o) (__IPC_ClntInit)
C:/MinGW/msys/1.0/opt/devkitpro/libogc/lib/wii\libogc.a(ogc_crt0.o)
                              (_start)
C:/MinGW/msys/1.0/opt/devkitpro/libogc/lib/wii\libogc.a(timesupp.o)
                              C:/MinGW/msys/1.0/opt/devkitpro/libogc/lib/wii\libogc.a(system.o) (gettick)
C:/MinGW/msys/1.0/opt/devkitpro/libogc/lib/wii\libogc.a(lock_supp.o)
                              C:/MinGW/msys/1.0/opt/devkitpro/libogc/lib/wii\libogc.a(system.o) (__libogc_lock_init)
C:/MinGW/msys/1.0/opt/devkitpro/libogc/lib/wii\libogc.a(newlibc.o)
                              C:/MinGW/msys/1.0/opt/devkitpro/libogc/lib/wii\libogc.a(system.o) (__libc_init)
C:/MinGW/msys/1.0/opt/devkitpro/libogc/lib/wii\libogc.a(sbrk.o)
                              C:/MinGW/msys/1.0/opt/devkitpro/libogc/lib/wii\libogc.a(system.o) (__libogc_sbrk_r)
C:/MinGW/msys/1.0/opt/devkitpro/libogc/lib/wii\libogc.a(malloc_lock.o)
                              C:/MinGW/msys/1.0/opt/devkitpro/libogc/lib/wii\libogc.a(system.o) (__memlock_init)
C:/MinGW/msys/1.0/opt/devkitpro/libogc/lib/wii\libogc.a(kprintf.o)
                              C:/MinGW/msys/1.0/opt/devkitpro/libogc/lib/wii\libogc.a(exception.o) (kprintf)
C:/MinGW/msys/1.0/opt/devkitpro/libogc/lib/wii\libogc.a(stm.o)
                              C:/MinGW/msys/1.0/opt/devkitpro/libogc/lib/wii\libogc.a(system.o) (STM_RegisterEventHandler)
C:/MinGW/msys/1.0/opt/devkitpro/libogc/lib/wii\libogc.a(ios.o)
                              C:/MinGW/msys/1.0/opt/devkitpro/libogc/lib/wii\libogc.a(system.o) (__IOS_InitializeSubsystems)
C:/MinGW/msys/1.0/opt/devkitpro/libogc/lib/wii\libogc.a(es.o)
                              C:/MinGW/msys/1.0/opt/devkitpro/libogc/lib/wii\libogc.a(ios.o) (__ES_Init)
C:/MinGW/msys/1.0/opt/devkitpro/libogc/lib/wii\libogc.a(usb.o)
                              main.o (USB_Deinitialize)
C:/MinGW/msys/1.0/opt/devkitpro/libogc/lib/wii\libogc.a(argv.o)
                              C:/MinGW/msys/1.0/opt/devkitpro/libogc/lib/wii\libogc.a(ogc_crt0.o) (__CheckARGV)
C:/MinGW/msys/1.0/opt/devkitpro/libogc/lib/wii\libogc.a(wiisd.o)
                              fileop.o (__io_wiisd)
C:/MinGW/msys/1.0/opt/devkitpro/libogc/lib/wii\libogc.a(conf.o)
                              C:/MinGW/msys/1.0/opt/devkitpro/libogc/lib/wii\libogc.a(system.o) (CONF_Init)
C:/MinGW/msys/1.0/opt/devkitpro/libogc/lib/wii\libogc.a(usbstorage.o)
                              fileop.o (__io_usbstorage)
[...]
Memory Configuration

Name             Origin             Length             Attributes
*default*        0x00000000         0xffffffff

Linker script and memory map

                0x00003400                . = 0x3400

.stub
 *(.stub)
                0x80004000                . = 0x80004000

.init           0x81230000      0x194
 *crt0.o(*.init)
 .init          0x81230000      0x170 C:/MinGW/msys/1.0/opt/devkitpro/libogc/lib/wii\libogc.a(ogc_crt0.o)
                0x81230000                _start
                0x81230140                _memset
 *(.init)
 .init          0x81230170        0xc c:/mingw/msys/1.0/opt/devkitpro/devkitppc/bin/../lib/gcc/powerpc-eabi/4.6.3/ecrti.o
                0x81230170                __init
 .init          0x8123017c        0x4 c:/mingw/msys/1.0/opt/devkitpro/devkitppc/bin/../lib/gcc/powerpc-eabi/4.6.3/crtbegin.o
 .init          0x81230180        0x4 c:/mingw/msys/1.0/opt/devkitpro/devkitppc/bin/../lib/gcc/powerpc-eabi/4.6.3/crtend.o
 .init          0x81230184       0x10 c:/mingw/msys/1.0/opt/devkitpro/devkitppc/bin/../lib/gcc/powerpc-eabi/4.6.3/ecrtn.o

.rela.dyn       0x81230194        0x0
 .rela.iplt     0x00000000        0x0 c:/mingw/msys/1.0/opt/devkitpro/devkitppc/bin/../lib/gcc/powerpc-eabi/4.6.3/crtbegin.o

.plt
 *(.plt)

.interp
 *(.interp)

.hash
 *(.hash)

.dynsym
 *(.dynsym)

.dynstr
 *(.dynstr)

.gnu.version
 *(.gnu.version)

.gnu.version_d
 *(.gnu.version_d)

.gnu.version_r
 *(.gnu.version_r)

.rel.init
 *(.rel.init)

.rela.init      0x81230194        0x0
 *(.rela.init)
 .rela.init     0x00000000        0x0 c:/mingw/msys/1.0/opt/devkitpro/devkitppc/bin/../lib/gcc/powerpc-eabi/4.6.3/crtbegin.o

.rel.text
 *(.rel.text .rel.text.* .rel.gnu.linkonce.t.*)

.rela.text      0x81230194        0x0
 *(.rela.text .rela.text.* .rela.gnu.linkonce.t.*)
 .rela.text     0x00000000        0x0 c:/mingw/msys/1.0/opt/devkitpro/devkitppc/bin/../lib/gcc/powerpc-eabi/4.6.3/crtbegin.o
 .rela.text.UnmountPartitions
                0x00000000        0x0 c:/mingw/msys/1.0/opt/devkitpro/devkitppc/bin/../lib/gcc/powerpc-eabi/4.6.3/crtbegin.o
 .rela.text.AddPartition
                0x00000000        0x0 c:/mingw/msys/1.0/opt/devkitpro/devkitppc/bin/../lib/gcc/powerpc-eabi/4.6.3/crtbegin.o
 .rela.text.FindPartitions
                0x00000000        0x0 c:/mingw/msys/1.0/opt/devkitpro/devkitppc/bin/../lib/gcc/powerpc-eabi/4.6.3/crtbegin.o
 .rela.text.MountDevice
                0x00000000        0x0 c:/mingw/msys/1.0/opt/devkitpro/devkitppc/bin/../lib/gcc/powerpc-eabi/4.6.3/crtbegin.o
 .rela.text.startup.main
                0x00000000        0x0 c:/mingw/msys/1.0/opt/devkitpro/devkitppc/bin/../lib/gcc/powerpc-eabi/4.6.3/crtbegin.o
 .rela.text.InitVideo
                0x00000000        0x0 c:/mingw/msys/1.0/opt/devkitpro/devkitppc/bin/../lib/gcc/powerpc-eabi/4.6.3/crtbegin.o
 .rela.text.Menu_DrawImg
                0x00000000        0x0 c:/mingw/msys/1.0/opt/devkitpro/devkitppc/bin/../lib/gcc/powerpc-eabi/4.6.3/crtbegin.o
 .rela.text.__systemcall_init
                0x00000000        0x0 c:/mingw/msys/1.0/opt/devkitpro/devkitppc/bin/../lib/gcc/powerpc-eabi/4.6.3/crtbegin.o
 .rela.text.__exception_init
                0x00000000        0x0 c:/mingw/msys/1.0/opt/devkitpro/devkitppc/bin/../lib/gcc/powerpc-eabi/4.6.3/crtbegin.o
 .rela.text.__exception_close
                0x00000000        0x0 c:/mingw/msys/1.0/opt/devkitpro/devkitppc/bin/../lib/gcc/powerpc-eabi/4.6.3/crtbegin.o
 .rela.text.__exception_sethandler
                0x00000000        0x0 c:/mingw/msys/1.0/opt/devkitpro/devkitppc/bin/../lib/gcc/powerpc-eabi/4.6.3/crtbegin.o
 .rela.text.__call_resetfuncs
                0x00000000        0x0 c:/mingw/msys/1.0/opt/devkitpro/devkitppc/bin/../lib/gcc/powerpc-eabi/4.6.3/crtbegin.o
 .rela.text.__locksram
                0x00000000        0x0 c:/mingw/msys/1.0/opt/devkitpro/devkitppc/bin/../lib/gcc/powerpc-eabi/4.6.3/crtbegin.o
 .rela.text.__lwp_wd_insert_ticks
                0x00000000        0x0 c:/mingw/msys/1.0/opt/devkitpro/devkitppc/bin/../lib/gcc/powerpc-eabi/4.6.3/crtbegin.o
 .rela.text.__unlocksram
                0x00000000        0x0 c:/mingw/msys/1.0/opt/devkitpro/devkitppc/bin/../lib/gcc/powerpc-eabi/4.6.3/crtbegin.o
 .rela.text.__sram_writecallback
                0x00000000        0x0 c:/mingw/msys/1.0/opt/devkitpro/devkitppc/bin/../lib/gcc/powerpc-eabi/4.6.3/crtbegin.o
 .rela.text.__sram_init
                0x00000000        0x0 c:/mingw/msys/1.0/opt/devkitpro/devkitppc/bin/../lib/gcc/powerpc-eabi/4.6.3/crtbegin.o
 .rela.text.__SYS_SyncSram
                0x00000000        0x0 c:/mingw/msys/1.0/opt/devkitpro/devkitppc/bin/../lib/gcc/powerpc-eabi/4.6.3/crtbegin.o
 .rela.text.SYS_Init
                0x00000000        0x0 c:/mingw/msys/1.0/opt/devkitpro/devkitppc/bin/../lib/gcc/powerpc-eabi/4.6.3/crtbegin.o
 .rela.text.SYS_RemoveAlarm
                0x00000000        0x0 c:/mingw/msys/1.0/opt/devkitpro/devkitppc/bin/../lib/gcc/powerpc-eabi/4.6.3/crtbegin.o
 .rela.text.SYS_CancelAlarm
                0x00000000        0x0 c:/mingw/msys/1.0/opt/devkitpro/devkitppc/bin/../lib/gcc/powerpc-eabi/4.6.3/crtbegin.o
 .rela.text.__lwp_cond_open
                0x00000000        0x0 c:/mingw/msys/1.0/opt/devkitpro/devkitppc/bin/../lib/gcc/powerpc-eabi/4.6.3/crtbegin.o
 .rela.text.__lwp_cond_init
                0x00000000        0x0 c:/mingw/msys/1.0/opt/devkitpro/devkitppc/bin/../lib/gcc/powerpc-eabi/4.6.3/crtbegin.o
 .rela.text.LWP_CondInit
                0x00000000        0x0 c:/mingw/msys/1.0/opt/devkitpro/devkitppc/bin/../lib/gcc/powerpc-eabi/4.6.3/crtbegin.o
 .rela.text.LWP_CondDestroy
                0x00000000        0x0 c:/mingw/msys/1.0/opt/devkitpro/devkitppc/bin/../lib/gcc/powerpc-eabi/4.6.3/crtbegin.o
 .rela.text.__GX_FifoLink
                0x00000000        0x0 c:/mingw/msys/1.0/opt/devkitpro/devkitppc/bin/../lib/gcc/powerpc-eabi/4.6.3/crtbegin.o
 .rela.text.__GX_WriteFifoIntEnable
                0x00000000        0x0 c:/mingw/msys/1.0/opt/devkitpro/devkitppc/bin/../lib/gcc/powerpc-eabi/4.6.3/crtbegin.o
 .rela.text.__GX_FifoReadEnable
                0x00000000        0x0 c:/mingw/msys/1.0/opt/devkitpro/devkitppc/bin/../lib/gcc/powerpc-eabi/4.6.3/crtbegin.o
 .rela.text.__GX_FifoReadDisable
                0x00000000        0x0 c:/mingw/msys/1.0/opt/devkitpro/devkitppc/bin/../lib/gcc/powerpc-eabi/4.6.3/crtbegin.o
 .rela.text.__GX_InitRevBits
                0x00000000        0x0 c:/mingw/msys/1.0/opt/devkitpro/devkitppc/bin/../lib/gcc/powerpc-eabi/4.6.3/crtbegin.o
 .rela.text.__GXDefTexRegionCallback
                0x00000000        0x0 c:/mingw/msys/1.0/opt/devkitpro/devkitppc/bin/../lib/gcc/powerpc-eabi/4.6.3/crtbegin.o
 .rela.text.__GXDefTlutRegionCallback
                0x00000000        0x0 c:/mingw/msys/1.0/opt/devkitpro/devkitppc/bin/../lib/gcc/powerpc-eabi/4.6.3/crtbegin.o
 .rela.text.__GX_FlushTextureState
                0x00000000        0x0 c:/mingw/msys/1.0/opt/devkitpro/devkitppc/bin/../lib/gcc/powerpc-eabi/4.6.3/crtbegin.o
 .rela.text.__SetSURegs
                0x00000000        0x0 c:/mingw/msys/1.0/opt/devkitpro/devkitppc/bin/../lib/gcc/powerpc-eabi/4.6.3/crtbegin.o
 .rela.text.__SETVCDFMT
                0x00000000        0x0 c:/mingw/msys/1.0/opt/devkitpro/devkitppc/bin/../lib/gcc/powerpc-eabi/4.6.3/crtbegin.o
 .rela.text.__GX_SetMatrixIndex
                0x00000000        0x0 c:/mingw/msys/1.0/opt/devkitpro/devkitppc/bin/../lib/gcc/powerpc-eabi/4.6.3/crtbegin.o
 .rela.text.__GX_SetDirtyState
                0x00000000        0x0 c:/mingw/msys/1.0/opt/devkitpro/devkitppc/bin/../lib/gcc/powerpc-eabi/4.6.3/crtbegin.o
 .rela.text.__SETVCDATTR
                0x00000000        0x0 c:/mingw/msys/1.0/opt/devkitpro/devkitppc/bin/../lib/gcc/powerpc-eabi/4.6.3/crtbegin.o
 .rela.text.__GX_WriteFifoIntReset.constprop.6
                0x00000000        0x0 c:/mingw/msys/1.0/opt/devkitpro/devkitppc/bin/../lib/gcc/powerpc-eabi/4.6.3/crtbegin.o
 .rela.text.__GXCPInterruptHandler
                0x00000000        0x0 c:/mingw/msys/1.0/opt/devkitpro/devkitppc/bin/../lib/gcc/powerpc-eabi/4.6.3/crtbegin.o
 .rela.text.GX_Flush
                0x00000000        0x0 c:/mingw/msys/1.0/opt/devkitpro/devkitppc/bin/../lib/gcc/powerpc-eabi/4.6.3/crtbegin.o
 .rela.text.GX_EnableBreakPt
                0x00000000        0x0 c:/mingw/msys/1.0/opt/devkitpro/devkitppc/bin/../lib/gcc/powerpc-eabi/4.6.3/crtbegin.o
 .rela.text.GX_DisableBreakPt
                0x00000000        0x0 c:/mingw/msys/1.0/opt/devkitpro/devkitppc/bin/../lib/gcc/powerpc-eabi/4.6.3/crtbegin.o
 .rela.text.GX_AbortFrame
                0x00000000        0x0 c:/mingw/msys/1.0/opt/devkitpro/devkitppc/bin/../lib/gcc/powerpc-eabi/4.6.3/crtbegin.o
 .rela.text.GX_PixModeSync
                0x00000000        0x0 c:/mingw/msys/1.0/opt/devkitpro/devkitppc/bin/../lib/gcc/powerpc-eabi/4.6.3/crtbegin.o
 .rela.text.GX_SetMisc
                0x00000000        0x0 c:/mingw/msys/1.0/opt/devkitpro/devkitppc/bin/../lib/gcc/powerpc-eabi/4.6.3/crtbegin.o
 .rela.text.GX_SetCopyClamp
                0x00000000        0x0 c:/mingw/msys/1.0/opt/devkitpro/devkitppc/bin/../lib/gcc/powerpc-eabi/4.6.3/crtbegin.o
 .rela.text.GX_SetDispCopyGamma
                0x00000000        0x0 c:/mingw/msys/1.0/opt/devkitpro/devkitppc/bin/../lib/gcc/powerpc-eabi/4.6.3/crtbegin.o
 .rela.text.GX_SetDispCopyFrame2Field
                0x00000000        0x0 c:/mingw/msys/1.0/opt/devkitpro/devkitppc/bin/../lib/gcc/powerpc-eabi/4.6.3/crtbegin.o
 .rela.text.GX_SetDispCopyYScale
                0x00000000        0x0 c:/mingw/msys/1.0/opt/devkitpro/devkitppc/bin/../lib/gcc/powerpc-eabi/4.6.3/crtbegin.o
 .rela.text.GX_SetDispCopyDst
                0x00000000        0x0 c:/mingw/msys/1.0/opt/devkitpro/devkitppc/bin/../lib/gcc/powerpc-eabi/4.6.3/crtbegin.o
 .rela.text.GX_SetDispCopySrc
                0x00000000        0x0 c:/mingw/msys/1.0/opt/devkitpro/devkitppc/bin/../lib/gcc/powerpc-eabi/4.6.3/crtbegin.o
 .rela.text.GX_CopyDisp
                0x00000000        0x0 c:/mingw/msys/1.0/opt/devkitpro/devkitppc/bin/../lib/gcc/powerpc-eabi/4.6.3/crtbegin.o
 .rela.text.GX_CopyTex
                0x00000000        0x0 c:/mingw/msys/1.0/opt/devkitpro/devkitppc/bin/../lib/gcc/powerpc-eabi/4.6.3/crtbegin.o
 .rela.text.GX_SetTexCopySrc
                0x00000000        0x0 c:/mingw/msys/1.0/opt/devkitpro/devkitppc/bin/../lib/gcc/powerpc-eabi/4.6.3/crtbegin.o
 .rela.text.GX_SetTexCopyDst
                0x00000000        0x0 c:/mingw/msys/1.0/opt/devkitpro/devkitppc/bin/../lib/gcc/powerpc-eabi/4.6.3/crtbegin.o
 .rela.text.GX_BeginDispList
                0x00000000        0x0 c:/mingw/msys/1.0/opt/devkitpro/devkitppc/bin/../lib/gcc/powerpc-eabi/4.6.3/crtbegin.o
 .rela.text.GX_EndDispList
                0x00000000        0x0 c:/mingw/msys/1.0/opt/devkitpro/devkitppc/bin/../lib/gcc/powerpc-eabi/4.6.3/crtbegin.o
 .rela.text.GX_CallDispList
                0x00000000        0x0 c:/mingw/msys/1.0/opt/devkitpro/devkitppc/bin/../lib/gcc/powerpc-eabi/4.6.3/crtbegin.o
 .rela.text.GX_SetChanCtrl
                0x00000000        0x0 c:/mingw/msys/1.0/opt/devkitpro/devkitppc/bin/../lib/gcc/powerpc-eabi/4.6.3/crtbegin.o
 .rela.text.GX_SetChanAmbColor
                0x00000000        0x0 c:/mingw/msys/1.0/opt/devkitpro/devkitppc/bin/../lib/gcc/powerpc-eabi/4.6.3/crtbegin.o
 .rela.text.GX_SetChanMatColor
                0x00000000        0x0 c:/mingw/msys/1.0/opt/devkitpro/devkitppc/bin/../lib/gcc/powerpc-eabi/4.6.3/crtbegin.o
 .rela.text.GX_SetVtxDesc
                0x00000000        0x0 c:/mingw/msys/1.0/opt/devkitpro/devkitppc/bin/../lib/gcc/powerpc-eabi/4.6.3/crtbegin.o
 .rela.text.GX_SetVtxDescv
                0x00000000        0x0 c:/mingw/msys/1.0/opt/devkitpro/devkitppc/bin/../lib/gcc/powerpc-eabi/4.6.3/crtbegin.o
 .rela.text.GX_GetVtxDescv
                0x00000000        0x0 c:/mingw/msys/1.0/opt/devkitpro/devkitppc/bin/../lib/gcc/powerpc-eabi/4.6.3/crtbegin.o
 .rela.text.GX_SetVtxAttrFmt
                0x00000000        0x0 c:/mingw/msys/1.0/opt/devkitpro/devkitppc/bin/../lib/gcc/powerpc-eabi/4.6.3/crtbegin.o
 .rela.text.GX_SetVtxAttrFmtv
                0x00000000        0x0 c:/mingw/msys/1.0/opt/devkitpro/devkitppc/bin/../lib/gcc/powerpc-eabi/4.6.3/crtbegin.o
 .rela.text.GX_Begin
                0x00000000        0x0 c:/mingw/msys/1.0/opt/devkitpro/devkitppc/bin/../lib/gcc/powerpc-eabi/4.6.3/crtbegin.o
 .rela.text.GX_SetTexCoordGen2
                0x00000000        0x0 c:/mingw/msys/1.0/opt/devkitpro/devkitppc/bin/../lib/gcc/powerpc-eabi/4.6.3/crtbegin.o
 .rela.text.GX_SetCurrentMtx
                0x00000000        0x0 c:/mingw/msys/1.0/opt/devkitpro/devkitppc/bin/../lib/gcc/powerpc-eabi/4.6.3/crtbegin.o
 .rela.text.GX_SetNumTexGens
                0x00000000        0x0 c:/mingw/msys/1.0/opt/devkitpro/devkitppc/bin/../lib/gcc/powerpc-eabi/4.6.3/crtbegin.o
 .rela.text.GX_SetZMode
                0x00000000        0x0 c:/mingw/msys/1.0/opt/devkitpro/devkitppc/bin/../lib/gcc/powerpc-eabi/4.6.3/crtbegin.o
 .rela.text.GX_LoadTexObjPreloaded
                0x00000000        0x0 c:/mingw/msys/1.0/opt/devkitpro/devkitppc/bin/../lib/gcc/powerpc-eabi/4.6.3/crtbegin.o
 .rela.text.GX_SetTexCoordScaleManually
                0x00000000        0x0 c:/mingw/msys/1.0/opt/devkitpro/devkitppc/bin/../lib/gcc/powerpc-eabi/4.6.3/crtbegin.o
 .rela.text.GX_SetTexCoordCylWrap
                0x00000000        0x0 c:/mingw/msys/1.0/opt/devkitpro/devkitppc/bin/../lib/gcc/powerpc-eabi/4.6.3/crtbegin.o
 .rela.text.GX_SetTexCoordBias
                0x00000000        0x0 c:/mingw/msys/1.0/opt/devkitpro/devkitppc/bin/../lib/gcc/powerpc-eabi/4.6.3/crtbegin.o
 .rela.text.GX_SetBlendMode
                0x00000000        0x0 c:/mingw/msys/1.0/opt/devkitpro/devkitppc/bin/../lib/gcc/powerpc-eabi/4.6.3/crtbegin.o
 .rela.text.GX_ClearVtxDesc
                0x00000000        0x0 c:/mingw/msys/1.0/opt/devkitpro/devkitppc/bin/../lib/gcc/powerpc-eabi/4.6.3/crtbegin.o
 .rela.text.GX_SetLineWidth
                0x00000000        0x0 c:/mingw/msys/1.0/opt/devkitpro/devkitppc/bin/../lib/gcc/powerpc-eabi/4.6.3/crtbegin.o
 .rela.text.GX_SetPointSize
                0x00000000        0x0 c:/mingw/msys/1.0/opt/devkitpro/devkitppc/bin/../lib/gcc/powerpc-eabi/4.6.3/crtbegin.o
 .rela.text.GX_SetTevColorIn
                0x00000000        0x0 c:/mingw/msys/1.0/opt/devkitpro/devkitppc/bin/../lib/gcc/powerpc-eabi/4.6.3/crtbegin.o
 .rela.text.GX_SetTevAlphaIn
                0x00000000        0x0 c:/mingw/msys/1.0/opt/devkitpro/devkitppc/bin/../lib/gcc/powerpc-eabi/4.6.3/crtbegin.o
 .rela.text.GX_SetTevColorOp
                0x00000000        0x0 c:/mingw/msys/1.0/opt/devkitpro/devkitppc/bin/../lib/gcc/powerpc-eabi/4.6.3/crtbegin.o
 .rela.text.GX_SetTevAlphaOp
                0x00000000        0x0 c:/mingw/msys/1.0/opt/devkitpro/devkitppc/bin/../lib/gcc/powerpc-eabi/4.6.3/crtbegin.o
 .rela.text.GX_SetCullMode
                0x00000000        0x0 c:/mingw/msys/1.0/opt/devkitpro/devkitppc/bin/../lib/gcc/powerpc-eabi/4.6.3/crtbegin.o
 .rela.text.GX_SetCoPlanar
                0x00000000        0x0 c:/mingw/msys/1.0/opt/devkitpro/devkitppc/bin/../lib/gcc/powerpc-eabi/4.6.3/crtbegin.o
 .rela.text.GX_EnableTexOffsets
                0x00000000        0x0 c:/mingw/msys/1.0/opt/devkitpro/devkitppc/bin/../lib/gcc/powerpc-eabi/4.6.3/crtbegin.o
 .rela.text.GX_SetScissor
                0x00000000        0x0 c:/mingw/msys/1.0/opt/devkitpro/devkitppc/bin/../lib/gcc/powerpc-eabi/4.6.3/crtbegin.o
 .rela.text.GX_SetNumChans
                0x00000000        0x0 c:/mingw/msys/1.0/opt/devkitpro/devkitppc/bin/../lib/gcc/powerpc-eabi/4.6.3/crtbegin.o
 .rela.text.GX_SetTevOrder
                0x00000000        0x0 c:/mingw/msys/1.0/opt/devkitpro/devkitppc/bin/../lib/gcc/powerpc-eabi/4.6.3/crtbegin.o
 .rela.text.GX_SetNumTevStages
                0x00000000        0x0 c:/mingw/msys/1.0/opt/devkitpro/devkitppc/bin/../lib/gcc/powerpc-eabi/4.6.3/crtbegin.o
 .rela.text.GX_SetTevKColorSel
                0x00000000        0x0 c:/mingw/msys/1.0/opt/devkitpro/devkitppc/bin/../lib/gcc/powerpc-eabi/4.6.3/crtbegin.o
 .rela.text.GX_SetTevKAlphaSel
                0x00000000        0x0 c:/mingw/msys/1.0/opt/devkitpro/devkitppc/bin/../lib/gcc/powerpc-eabi/4.6.3/crtbegin.o
 .rela.text.GX_SetTevSwapMode
                0x00000000        0x0 c:/mingw/msys/1.0/opt/devkitpro/devkitppc/bin/../lib/gcc/powerpc-eabi/4.6.3/crtbegin.o
 .rela.text.GX_SetTevSwapModeTable
                0x00000000        0x0 c:/mingw/msys/1.0/opt/devkitpro/devkitppc/bin/../lib/gcc/powerpc-eabi/4.6.3/crtbegin.o
 .rela.text.GX_SetNumIndStages
                0x00000000        0x0 c:/mingw/msys/1.0/opt/devkitpro/devkitppc/bin/../lib/gcc/powerpc-eabi/4.6.3/crtbegin.o
 .rela.text.GX_SetIndTexCoordScale
                0x00000000        0x0 c:/mingw/msys/1.0/opt/devkitpro/devkitppc/bin/../lib/gcc/powerpc-eabi/4.6.3/crtbegin.o
 .rela.text.GX_SetColorUpdate
                0x00000000        0x0 c:/mingw/msys/1.0/opt/devkitpro/devkitppc/bin/../lib/gcc/powerpc-eabi/4.6.3/crtbegin.o
 .rela.text.GX_SetAlphaUpdate
                0x00000000        0x0 c:/mingw/msys/1.0/opt/devkitpro/devkitppc/bin/../lib/gcc/powerpc-eabi/4.6.3/crtbegin.o
 .rela.text.GX_SetZCompLoc
                0x00000000        0x0 c:/mingw/msys/1.0/opt/devkitpro/devkitppc/bin/../lib/gcc/powerpc-eabi/4.6.3/crtbegin.o
 .rela.text.GX_SetPixelFmt
                0x00000000        0x0 c:/mingw/msys/1.0/opt/devkitpro/devkitppc/bin/../lib/gcc/powerpc-eabi/4.6.3/crtbegin.o
 .rela.text.GX_SetDither
                0x00000000        0x0 c:/mingw/msys/1.0/opt/devkitpro/devkitppc/bin/../lib/gcc/powerpc-eabi/4.6.3/crtbegin.o
 .rela.text.GX_SetDstAlpha
                0x00000000        0x0 c:/mingw/msys/1.0/opt/devkitpro/devkitppc/bin/../lib/gcc/powerpc-eabi/4.6.3/crtbegin.o
 .rela.text.GX_SetFieldMode
                0x00000000        0x0 c:/mingw/msys/1.0/opt/devkitpro/devkitppc/bin/../lib/gcc/powerpc-eabi/4.6.3/crtbegin.o
 .rela.text.GX_SetIndTexOrder
                0x00000000        0x0 c:/mingw/msys/1.0/opt/devkitpro/devkitppc/bin/../lib/gcc/powerpc-eabi/4.6.3/crtbegin.o
 .rela.text.GX_SetGPMetric
                0x00000000        0x0 c:/mingw/msys/1.0/opt/devkitpro/devkitppc/bin/../lib/gcc/powerpc-eabi/4.6.3/crtbegin.o
 .rela.text.GX_Init
                0x00000000        0x0 c:/mingw/msys/1.0/opt/devkitpro/devkitppc/bin/../lib/gcc/powerpc-eabi/4.6.3/crtbegin.o
 .rela.text.GX_ReadGPMetric
                0x00000000        0x0 c:/mingw/msys/1.0/opt/devkitpro/devkitppc/bin/../lib/gcc/powerpc-eabi/4.6.3/crtbegin.o
 .rela.text.c_decrementer_handler
                0x00000000        0x0 c:/mingw/msys/1.0/opt/devkitpro/devkitppc/bin/../lib/gcc/powerpc-eabi/4.6.3/crtbegin.o
 .rela.text.__lwp_mqbox_free
                0x00000000        0x0 c:/mingw/msys/1.0/opt/devkitpro/devkitppc/bin/../lib/gcc/powerpc-eabi/4.6.3/crtbegin.o
 .rela.text.__lwp_mqbox_open
                0x00000000        0x0 c:/mingw/msys/1.0/opt/devkitpro/devkitppc/bin/../lib/gcc/powerpc-eabi/4.6.3/crtbegin.o
 .rela.text.__lwp_mqbox_init
                0x00000000        0x0 c:/mingw/msys/1.0/opt/devkitpro/devkitppc/bin/../lib/gcc/powerpc-eabi/4.6.3/crtbegin.o
 .rela.text.MQ_Init
                0x00000000        0x0 c:/mingw/msys/1.0/opt/devkitpro/devkitppc/bin/../lib/gcc/powerpc-eabi/4.6.3/crtbegin.o
 .rela.text.__ios_ioctlvformat_parse
                0x00000000        0x0 c:/mingw/msys/1.0/opt/devkitpro/devkitppc/bin/../lib/gcc/powerpc-eabi/4.6.3/crtbegin.o
 .rela.text.__ioctlvfmtCB
                0x00000000        0x0 c:/mingw/msys/1.0/opt/devkitpro/devkitppc/bin/../lib/gcc/powerpc-eabi/4.6.3/crtbegin.o
 .rela.text.IOS_IoctlvFormat
                0x00000000        0x0 c:/mingw/msys/1.0/opt/devkitpro/devkitppc/bin/../lib/gcc/powerpc-eabi/4.6.3/crtbegin.o
 .rela.text.IOS_IoctlvFormatAsync
                0x00000000        0x0 c:/mingw/msys/1.0/opt/devkitpro/devkitppc/bin/../lib/gcc/powerpc-eabi/4.6.3/crtbegin.o
 .rela.text.nanosleep
                0x00000000        0x0 c:/mingw/msys/1.0/opt/devkitpro/devkitppc/bin/../lib/gcc/powerpc-eabi/4.6.3/crtbegin.o
 .rela.text.__libc_delete_hook
                0x00000000        0x0 c:/mingw/msys/1.0/opt/devkitpro/devkitppc/bin/../lib/gcc/powerpc-eabi/4.6.3/crtbegin.o
 .rela.text.__libc_init
                0x00000000        0x0 c:/mingw/msys/1.0/opt/devkitpro/devkitppc/bin/../lib/gcc/powerpc-eabi/4.6.3/crtbegin.o
 .rela.text.__libc_wrapup
                0x00000000        0x0 c:/mingw/msys/1.0/opt/devkitpro/devkitppc/bin/../lib/gcc/powerpc-eabi/4.6.3/crtbegin.o
 .rela.text.kprintf
                0x00000000        0x0 c:/mingw/msys/1.0/opt/devkitpro/devkitppc/bin/../lib/gcc/powerpc-eabi/4.6.3/crtbegin.o
 .rela.text.__CheckARGV
                0x00000000        0x0 c:/mingw/msys/1.0/opt/devkitpro/devkitppc/bin/../lib/gcc/powerpc-eabi/4.6.3/crtbegin.o
 .rela.text.__console_init
                0x00000000        0x0 c:/mingw/msys/1.0/opt/devkitpro/devkitppc/bin/../lib/gcc/powerpc-eabi/4.6.3/crtbegin.o
 .rela.text.__console_init_ex
                0x00000000        0x0 c:/mingw/msys/1.0/opt/devkitpro/devkitppc/bin/../lib/gcc/powerpc-eabi/4.6.3/crtbegin.o
 .rela.text.CON_EnableGecko
                0x00000000        0x0 c:/mingw/msys/1.0/opt/devkitpro/devkitppc/bin/../lib/gcc/powerpc-eabi/4.6.3/crtbegin.o
 .rela.text.__lwp_priority_init
                0x00000000        0x0 c:/mingw/msys/1.0/opt/devkitpro/devkitppc/bin/../lib/gcc/powerpc-eabi/4.6.3/crtbegin.o
 .rela.text.__lwp_wd_remove_ticks
                0x00000000        0x0 c:/mingw/msys/1.0/opt/devkitpro/devkitppc/bin/../lib/gcc/powerpc-eabi/4.6.3/crtbegin.o
 .rela.text.__lwp_threadqueue_enqueue
                0x00000000        0x0 c:/mingw/msys/1.0/opt/devkitpro/devkitppc/bin/../lib/gcc/powerpc-eabi/4.6.3/crtbegin.o
 .rela.text.__lwp_thread_calcheir
                0x00000000        0x0 c:/mingw/msys/1.0/opt/devkitpro/devkitppc/bin/../lib/gcc/powerpc-eabi/4.6.3/crtbegin.o
 .rela.text.__lwp_wd_insert_ticks.constprop.4
                0x00000000        0x0 c:/mingw/msys/1.0/opt/devkitpro/devkitppc/bin/../lib/gcc/powerpc-eabi/4.6.3/crtbegin.o
 .rela.text.__lwp_rotate_readyqueue
                0x00000000        0x0 c:/mingw/msys/1.0/opt/devkitpro/devkitppc/bin/../lib/gcc/powerpc-eabi/4.6.3/crtbegin.o
 .rela.text.__lwp_thread_setpriority
                0x00000000        0x0 c:/mingw/msys/1.0/opt/devkitpro/devkitppc/bin/../lib/gcc/powerpc-eabi/4.6.3/crtbegin.o
 .rela.text.__lwp_thread_close
                0x00000000        0x0 c:/mingw/msys/1.0/opt/devkitpro/devkitppc/bin/../lib/gcc/powerpc-eabi/4.6.3/crtbegin.o
 .rela.text.__lwp_thread_closeall
                0x00000000        0x0 c:/mingw/msys/1.0/opt/devkitpro/devkitppc/bin/../lib/gcc/powerpc-eabi/4.6.3/crtbegin.o
 .rela.text.__lwp_thread_startmultitasking
                0x00000000        0x0 c:/mingw/msys/1.0/opt/devkitpro/devkitppc/bin/../lib/gcc/powerpc-eabi/4.6.3/crtbegin.o
 .rela.text.__lwp_thread_stopmultitasking
                0x00000000        0x0 c:/mingw/msys/1.0/opt/devkitpro/devkitppc/bin/../lib/gcc/powerpc-eabi/4.6.3/crtbegin.o
 .rela.text.__lwp_thread_coreinit
                0x00000000        0x0 c:/mingw/msys/1.0/opt/devkitpro/devkitppc/bin/../lib/gcc/powerpc-eabi/4.6.3/crtbegin.o
 .rela.text.__lwpmq_initialize
                0x00000000        0x0 c:/mingw/msys/1.0/opt/devkitpro/devkitppc/bin/../lib/gcc/powerpc-eabi/4.6.3/crtbegin.o
 .rela.text.__lwpmq_close
                0x00000000        0x0 c:/mingw/msys/1.0/opt/devkitpro/devkitppc/bin/../lib/gcc/powerpc-eabi/4.6.3/crtbegin.o
 .rela.text.__lwp_cntrl_free
                0x00000000        0x0 c:/mingw/msys/1.0/opt/devkitpro/devkitppc/bin/../lib/gcc/powerpc-eabi/4.6.3/crtbegin.o
 .rela.text.__lwp_tqueue_open
                0x00000000        0x0 c:/mingw/msys/1.0/opt/devkitpro/devkitppc/bin/../lib/gcc/powerpc-eabi/4.6.3/crtbegin.o
 .rela.text.__lwp_cntrl_open
                0x00000000        0x0 c:/mingw/msys/1.0/opt/devkitpro/devkitppc/bin/../lib/gcc/powerpc-eabi/4.6.3/crtbegin.o
 .rela.text.__lwp_sysinit
                0x00000000        0x0 c:/mingw/msys/1.0/opt/devkitpro/devkitppc/bin/../lib/gcc/powerpc-eabi/4.6.3/crtbegin.o
 .rela.text.__lwp_thread_isalive
                0x00000000        0x0 c:/mingw/msys/1.0/opt/devkitpro/devkitppc/bin/../lib/gcc/powerpc-eabi/4.6.3/crtbegin.o
 .rela.text.__lwp_thread_exists
                0x00000000        0x0 c:/mingw/msys/1.0/opt/devkitpro/devkitppc/bin/../lib/gcc/powerpc-eabi/4.6.3/crtbegin.o
 .rela.text.__lwp_thread_context
                0x00000000        0x0 c:/mingw/msys/1.0/opt/devkitpro/devkitppc/bin/../lib/gcc/powerpc-eabi/4.6.3/crtbegin.o
 .rela.text.LWP_CreateThread
                0x00000000        0x0 c:/mingw/msys/1.0/opt/devkitpro/devkitppc/bin/../lib/gcc/powerpc-eabi/4.6.3/crtbegin.o
 .rela.text.LWP_InitQueue
                0x00000000        0x0 c:/mingw/msys/1.0/opt/devkitpro/devkitppc/bin/../lib/gcc/powerpc-eabi/4.6.3/crtbegin.o
 .rela.text.LWP_CloseQueue
                0x00000000        0x0 c:/mingw/msys/1.0/opt/devkitpro/devkitppc/bin/../lib/gcc/powerpc-eabi/4.6.3/crtbegin.o
 .rela.text.__lwp_stack_allocate
                0x00000000        0x0 c:/mingw/msys/1.0/opt/devkitpro/devkitppc/bin/../lib/gcc/powerpc-eabi/4.6.3/crtbegin.o
 .rela.text.__lwp_stack_free
                0x00000000        0x0 c:/mingw/msys/1.0/opt/devkitpro/devkitppc/bin/../lib/gcc/powerpc-eabi/4.6.3/crtbegin.o
 .rela.text.__lwp_watchdog_init
                0x00000000        0x0 c:/mingw/msys/1.0/opt/devkitpro/devkitppc/bin/../lib/gcc/powerpc-eabi/4.6.3/crtbegin.o
 .rela.text.__lwp_wd_tickle
                0x00000000        0x0 c:/mingw/msys/1.0/opt/devkitpro/devkitppc/bin/../lib/gcc/powerpc-eabi/4.6.3/crtbegin.o
 .rela.text.__lwp_wkspace_heapfree
                0x00000000        0x0 c:/mingw/msys/1.0/opt/devkitpro/devkitppc/bin/../lib/gcc/powerpc-eabi/4.6.3/crtbegin.o
 .rela.text.__lwp_wkspace_heapused
                0x00000000        0x0 c:/mingw/msys/1.0/opt/devkitpro/devkitppc/bin/../lib/gcc/powerpc-eabi/4.6.3/crtbegin.o
 .rela.text.__lwp_wkspace_init
                0x00000000        0x0 c:/mingw/msys/1.0/opt/devkitpro/devkitppc/bin/../lib/gcc/powerpc-eabi/4.6.3/crtbegin.o
 .rela.text.__lwp_objmgr_initinfo
                0x00000000        0x0 c:/mingw/msys/1.0/opt/devkitpro/devkitppc/bin/../lib/gcc/powerpc-eabi/4.6.3/crtbegin.o
 .rela.text.__irq_init
                0x00000000        0x0 c:/mingw/msys/1.0/opt/devkitpro/devkitppc/bin/../lib/gcc/powerpc-eabi/4.6.3/crtbegin.o
 .rela.text.__lwp_sema_open
                0x00000000        0x0 c:/mingw/msys/1.0/opt/devkitpro/devkitppc/bin/../lib/gcc/powerpc-eabi/4.6.3/crtbegin.o
 .rela.text.__lwp_sema_init
                0x00000000        0x0 c:/mingw/msys/1.0/opt/devkitpro/devkitppc/bin/../lib/gcc/powerpc-eabi/4.6.3/crtbegin.o
 .rela.text.LWP_SemInit
                0x00000000        0x0 c:/mingw/msys/1.0/opt/devkitpro/devkitppc/bin/../lib/gcc/powerpc-eabi/4.6.3/crtbegin.o
 .rela.text.LWP_SemDestroy
                0x00000000        0x0 c:/mingw/msys/1.0/opt/devkitpro/devkitppc/bin/../lib/gcc/powerpc-eabi/4.6.3/crtbegin.o
 .rela.text.__lwp_mutex_locksupp.constprop.7
                0x00000000        0x0 c:/mingw/msys/1.0/opt/devkitpro/devkitppc/bin/../lib/gcc/powerpc-eabi/4.6.3/crtbegin.o
 .rela.text.__lwp_mutex_init
                0x00000000        0x0 c:/mingw/msys/1.0/opt/devkitpro/devkitppc/bin/../lib/gcc/powerpc-eabi/4.6.3/crtbegin.o
 .rela.text.LWP_MutexInit
                0x00000000        0x0 c:/mingw/msys/1.0/opt/devkitpro/devkitppc/bin/../lib/gcc/powerpc-eabi/4.6.3/crtbegin.o
 .rela.text.LWP_MutexDestroy
                0x00000000        0x0 c:/mingw/msys/1.0/opt/devkitpro/devkitppc/bin/../lib/gcc/powerpc-eabi/4.6.3/crtbegin.o
 .rela.text.LWP_MutexUnlock
                0x00000000        0x0 c:/mingw/msys/1.0/opt/devkitpro/devkitppc/bin/../lib/gcc/powerpc-eabi/4.6.3/crtbegin.o
 .rela.text.fatUnmount
                0x00000000        0x0 c:/mingw/msys/1.0/opt/devkitpro/devkitppc/bin/../lib/gcc/powerpc-eabi/4.6.3/crtbegin.o
 .rela.text.fatInit
                0x00000000        0x0 c:/mingw/msys/1.0/opt/devkitpro/devkitppc/bin/../lib/gcc/powerpc-eabi/4.6.3/crtbegin.o
 .rela.text.fatGetVolumeLabel
                0x00000000        0x0 c:/mingw/msys/1.0/opt/devkitpro/devkitppc/bin/../lib/gcc/powerpc-eabi/4.6.3/crtbegin.o
 .rela.text._FAT_directory_entryGetAlias
                0x00000000        0x0 c:/mingw/msys/1.0/opt/devkitpro/devkitppc/bin/../lib/gcc/powerpc-eabi/4.6.3/crtbegin.o
 .rela.text.get_io_gcsda
                0x00000000        0x0 c:/mingw/msys/1.0/opt/devkitpro/devkitppc/bin/../lib/gcc/powerpc-eabi/4.6.3/crtbegin.o
 .rela.text.get_io_gcsdb
                0x00000000        0x0 c:/mingw/msys/1.0/opt/devkitpro/devkitppc/bin/../lib/gcc/powerpc-eabi/4.6.3/crtbegin.o
 .rela.text.ntfsInit
                0x00000000        0x0 c:/mingw/msys/1.0/opt/devkitpro/devkitppc/bin/../lib/gcc/powerpc-eabi/4.6.3/crtbegin.o
 .rela.text.ntfsMount
                0x00000000        0x0 c:/mingw/msys/1.0/opt/devkitpro/devkitppc/bin/../lib/gcc/powerpc-eabi/4.6.3/crtbegin.o
 .rela.text.ntfs_open_r
                0x00000000        0x0 c:/mingw/msys/1.0/opt/devkitpro/devkitppc/bin/../lib/gcc/powerpc-eabi/4.6.3/crtbegin.o
 .rela.text.ntfsAddDevice
                0x00000000        0x0 c:/mingw/msys/1.0/opt/devkitpro/devkitppc/bin/../lib/gcc/powerpc-eabi/4.6.3/crtbegin.o
 .rela.text.ntfsRemoveDevice
                0x00000000        0x0 c:/mingw/msys/1.0/opt/devkitpro/devkitppc/bin/../lib/gcc/powerpc-eabi/4.6.3/crtbegin.o
 .rela.text.ntfsGetDevice
                0x00000000        0x0 c:/mingw/msys/1.0/opt/devkitpro/devkitppc/bin/../lib/gcc/powerpc-eabi/4.6.3/crtbegin.o
 .rela.text.ntfsStat
                0x00000000        0x0 c:/mingw/msys/1.0/opt/devkitpro/devkitppc/bin/../lib/gcc/powerpc-eabi/4.6.3/crtbegin.o
 .rela.text.ntfs_fix_file_name
                0x00000000        0x0 c:/mingw/msys/1.0/opt/devkitpro/devkitppc/bin/../lib/gcc/powerpc-eabi/4.6.3/crtbegin.o
 .rela.text.ntfs_delete_reparse_index
                0x00000000        0x0 c:/mingw/msys/1.0/opt/devkitpro/devkitppc/bin/../lib/gcc/powerpc-eabi/4.6.3/crtbegin.o
 .rela.text.ntfs_str2ucs
                0x00000000        0x0 c:/mingw/msys/1.0/opt/devkitpro/devkitppc/bin/../lib/gcc/powerpc-eabi/4.6.3/crtbegin.o
 .rela.text.ntfs_ucsfree
                0x00000000        0x0 c:/mingw/msys/1.0/opt/devkitpro/devkitppc/bin/../lib/gcc/powerpc-eabi/4.6.3/crtbegin.o
 .rela.text.ntfs_volume_startup
                0x00000000        0x0 c:/mingw/msys/1.0/opt/devkitpro/devkitppc/bin/../lib/gcc/powerpc-eabi/4.6.3/crtbegin.o
 .rela.text.ntfs_volume_check_hiberfile
                0x00000000        0x0 c:/mingw/msys/1.0/opt/devkitpro/devkitppc/bin/../lib/gcc/powerpc-eabi/4.6.3/crtbegin.o
 .rela.text.ntfs_logfile_reset
                0x00000000        0x0 c:/mingw/msys/1.0/opt/devkitpro/devkitppc/bin/../lib/gcc/powerpc-eabi/4.6.3/crtbegin.o
 .rela.text.ntfs_device_mount
                0x00000000        0x0 c:/mingw/msys/1.0/opt/devkitpro/devkitppc/bin/../lib/gcc/powerpc-eabi/4.6.3/crtbegin.o
 .rela.text.ntfs_mount
                0x00000000        0x0 c:/mingw/msys/1.0/opt/devkitpro/devkitppc/bin/../lib/gcc/powerpc-eabi/4.6.3/crtbegin.o
 .rela.text.ntfs_volume_write_flags
                0x00000000        0x0 c:/mingw/msys/1.0/opt/devkitpro/devkitppc/bin/../lib/gcc/powerpc-eabi/4.6.3/crtbegin.o
 .rela.text.ntfs_volume_rename
                0x00000000        0x0 c:/mingw/msys/1.0/opt/devkitpro/devkitppc/bin/../lib/gcc/powerpc-eabi/4.6.3/crtbegin.o
 .rela.text.ntfs_attr_close
                0x00000000        0x0 c:/mingw/msys/1.0/opt/devkitpro/devkitppc/bin/../lib/gcc/powerpc-eabi/4.6.3/crtbegin.o
 .rela.text.ntfs_attr_open
                0x00000000        0x0 c:/mingw/msys/1.0/opt/devkitpro/devkitppc/bin/../lib/gcc/powerpc-eabi/4.6.3/crtbegin.o
 .rela.text.ntfs_resident_attr_record_add
                0x00000000        0x0 c:/mingw/msys/1.0/opt/devkitpro/devkitppc/bin/../lib/gcc/powerpc-eabi/4.6.3/crtbegin.o
 .rela.text.ntfs_non_resident_attr_expand_i
                0x00000000        0x0 c:/mingw/msys/1.0/opt/devkitpro/devkitppc/bin/../lib/gcc/powerpc-eabi/4.6.3/crtbegin.o
 .rela.text.ntfs_attr_pclose
                0x00000000        0x0 c:/mingw/msys/1.0/opt/devkitpro/devkitppc/bin/../lib/gcc/powerpc-eabi/4.6.3/crtbegin.o
 .rela.text.ntfs_attr_pwrite
                0x00000000        0x0 c:/mingw/msys/1.0/opt/devkitpro/devkitppc/bin/../lib/gcc/powerpc-eabi/4.6.3/crtbegin.o
 .rela.text.ntfs_resident_attr_resize_i
                0x00000000        0x0 c:/mingw/msys/1.0/opt/devkitpro/devkitppc/bin/../lib/gcc/powerpc-eabi/4.6.3/crtbegin.o
 .rela.text.ntfs_attr_truncate_i
                0x00000000        0x0 c:/mingw/msys/1.0/opt/devkitpro/devkitppc/bin/../lib/gcc/powerpc-eabi/4.6.3/crtbegin.o
 .rela.text.ntfs_attr_add
                0x00000000        0x0 c:/mingw/msys/1.0/opt/devkitpro/devkitppc/bin/../lib/gcc/powerpc-eabi/4.6.3/crtbegin.o
 .rela.text.ntfs_create_lru_caches
                0x00000000        0x0 c:/mingw/msys/1.0/opt/devkitpro/devkitppc/bin/../lib/gcc/powerpc-eabi/4.6.3/crtbegin.o
 .rela.text.ntfs_log_early_error
                0x00000000        0x0 c:/mingw/msys/1.0/opt/devkitpro/devkitppc/bin/../lib/gcc/powerpc-eabi/4.6.3/crtbegin.o
 .rela.text.ntfs_log_handler_stdout
                0x00000000        0x0 c:/mingw/msys/1.0/opt/devkitpro/devkitppc/bin/../lib/gcc/powerpc-eabi/4.6.3/crtbegin.o
 .rela.text.ntfs_log_handler_outerr
                0x00000000        0x0 c:/mingw/msys/1.0/opt/devkitpro/devkitppc/bin/../lib/gcc/powerpc-eabi/4.6.3/crtbegin.o
 .rela.text.ntfs_log_handler_stderr
                0x00000000        0x0 c:/mingw/msys/1.0/opt/devkitpro/devkitppc/bin/../lib/gcc/powerpc-eabi/4.6.3/crtbegin.o
 .rela.text.getsecurityattr
                0x00000000        0x0 c:/mingw/msys/1.0/opt/devkitpro/devkitppc/bin/../lib/gcc/powerpc-eabi/4.6.3/crtbegin.o
 .rela.text.ntfs_alloc_securid
                0x00000000        0x0 c:/mingw/msys/1.0/opt/devkitpro/devkitppc/bin/../lib/gcc/powerpc-eabi/4.6.3/crtbegin.o
 .rela.text.ntfs_set_owner_mode
                0x00000000        0x0 c:/mingw/msys/1.0/opt/devkitpro/devkitppc/bin/../lib/gcc/powerpc-eabi/4.6.3/crtbegin.o
 .rela.text.ntfs_inherited_id
                0x00000000        0x0 c:/mingw/msys/1.0/opt/devkitpro/devkitppc/bin/../lib/gcc/powerpc-eabi/4.6.3/crtbegin.o
 .rela.text.ntfs_get_user
                0x00000000        0x0 c:/mingw/msys/1.0/opt/devkitpro/devkitppc/bin/../lib/gcc/powerpc-eabi/4.6.3/crtbegin.o
 .rela.text.ntfs_get_group
                0x00000000        0x0 c:/mingw/msys/1.0/opt/devkitpro/devkitppc/bin/../lib/gcc/powerpc-eabi/4.6.3/crtbegin.o
 .rela.text.ext2Mount
                0x00000000        0x0 c:/mingw/msys/1.0/opt/devkitpro/devkitppc/bin/../lib/gcc/powerpc-eabi/4.6.3/crtbegin.o
 .rela.text.ext2AddDevice
                0x00000000        0x0 c:/mingw/msys/1.0/opt/devkitpro/devkitppc/bin/../lib/gcc/powerpc-eabi/4.6.3/crtbegin.o
 .rela.text.ext2RemoveDevice
                0x00000000        0x0 c:/mingw/msys/1.0/opt/devkitpro/devkitppc/bin/../lib/gcc/powerpc-eabi/4.6.3/crtbegin.o
 .rela.text.ext2GetDevice
                0x00000000        0x0 c:/mingw/msys/1.0/opt/devkitpro/devkitppc/bin/../lib/gcc/powerpc-eabi/4.6.3/crtbegin.o
 .rela.text.ext2GetVolume
                0x00000000        0x0 c:/mingw/msys/1.0/opt/devkitpro/devkitppc/bin/../lib/gcc/powerpc-eabi/4.6.3/crtbegin.o
 .rela.text.ext2fs_alloc_generic_bmap
                0x00000000        0x0 c:/mingw/msys/1.0/opt/devkitpro/devkitppc/bin/../lib/gcc/powerpc-eabi/4.6.3/crtbegin.o
 .rela.text.ext2fs_numeric_progress_init
                0x00000000        0x0 c:/mingw/msys/1.0/opt/devkitpro/devkitppc/bin/../lib/gcc/powerpc-eabi/4.6.3/crtbegin.o
 .rela.text.ext2fs_numeric_progress_update
                0x00000000        0x0 c:/mingw/msys/1.0/opt/devkitpro/devkitppc/bin/../lib/gcc/powerpc-eabi/4.6.3/crtbegin.o
 .rela.text.ext2fs_numeric_progress_close
                0x00000000        0x0 c:/mingw/msys/1.0/opt/devkitpro/devkitppc/bin/../lib/gcc/powerpc-eabi/4.6.3/crtbegin.o
 .rela.text.ba_print_stats
                0x00000000        0x0 c:/mingw/msys/1.0/opt/devkitpro/devkitppc/bin/../lib/gcc/powerpc-eabi/4.6.3/crtbegin.o
 .rela.text.sinef
                0x00000000        0x0 c:/mingw/msys/1.0/opt/devkitpro/devkitppc/bin/../lib/gcc/powerpc-eabi/4.6.3/crtbegin.o
 .rela.text.sqrtf
                0x00000000        0x0 c:/mingw/msys/1.0/opt/devkitpro/devkitppc/bin/../lib/gcc/powerpc-eabi/4.6.3/crtbegin.o
 .rela.text.tanf
                0x00000000        0x0 c:/mingw/msys/1.0/opt/devkitpro/devkitppc/bin/../lib/gcc/powerpc-eabi/4.6.3/crtbegin.o
 .rela.text.calloc
                0x00000000        0x0 c:/mingw/msys/1.0/opt/devkitpro/devkitppc/bin/../lib/gcc/powerpc-eabi/4.6.3/crtbegin.o
 .rela.text.__errno
                0x00000000        0x0 c:/mingw/msys/1.0/opt/devkitpro/devkitppc/bin/../lib/gcc/powerpc-eabi/4.6.3/crtbegin.o
 .rela.text.exit
                0x00000000        0x0 c:/mingw/msys/1.0/opt/devkitpro/devkitppc/bin/../lib/gcc/powerpc-eabi/4.6.3/crtbegin.o
 .rela.text.fclose
                0x00000000        0x0 c:/mingw/msys/1.0/opt/devkitpro/devkitppc/bin/../lib/gcc/powerpc-eabi/4.6.3/crtbegin.o
 .rela.text.fflush
                0x00000000        0x0 c:/mingw/msys/1.0/opt/devkitpro/devkitppc/bin/../lib/gcc/powerpc-eabi/4.6.3/crtbegin.o
 .rela.text.std.isra.0
                0x00000000        0x0 c:/mingw/msys/1.0/opt/devkitpro/devkitppc/bin/../lib/gcc/powerpc-eabi/4.6.3/crtbegin.o
 .rela.text._cleanup
                0x00000000        0x0 c:/mingw/msys/1.0/opt/devkitpro/devkitppc/bin/../lib/gcc/powerpc-eabi/4.6.3/crtbegin.o
 .rela.text.__sfp
                0x00000000        0x0 c:/mingw/msys/1.0/opt/devkitpro/devkitppc/bin/../lib/gcc/powerpc-eabi/4.6.3/crtbegin.o
 .rela.text.__fp_lock_all
                0x00000000        0x0 c:/mingw/msys/1.0/opt/devkitpro/devkitppc/bin/../lib/gcc/powerpc-eabi/4.6.3/crtbegin.o
 .rela.text.__fp_unlock_all
                0x00000000        0x0 c:/mingw/msys/1.0/opt/devkitpro/devkitppc/bin/../lib/gcc/powerpc-eabi/4.6.3/crtbegin.o
 .rela.text._fopen_r
                0x00000000        0x0 c:/mingw/msys/1.0/opt/devkitpro/devkitppc/bin/../lib/gcc/powerpc-eabi/4.6.3/crtbegin.o
 .rela.text.fopen
                0x00000000        0x0 c:/mingw/msys/1.0/opt/devkitpro/devkitppc/bin/../lib/gcc/powerpc-eabi/4.6.3/crtbegin.o
 .rela.text.fprintf
                0x00000000        0x0 c:/mingw/msys/1.0/opt/devkitpro/devkitppc/bin/../lib/gcc/powerpc-eabi/4.6.3/crtbegin.o
 .rela.text.fputc
                0x00000000        0x0 c:/mingw/msys/1.0/opt/devkitpro/devkitppc/bin/../lib/gcc/powerpc-eabi/4.6.3/crtbegin.o
 .rela.text.fputs
                0x00000000        0x0 c:/mingw/msys/1.0/opt/devkitpro/devkitppc/bin/../lib/gcc/powerpc-eabi/4.6.3/crtbegin.o
 .rela.text.fread
                0x00000000        0x0 c:/mingw/msys/1.0/opt/devkitpro/devkitppc/bin/../lib/gcc/powerpc-eabi/4.6.3/crtbegin.o
 .rela.text._malloc_trim_r
                0x00000000        0x0 c:/mingw/msys/1.0/opt/devkitpro/devkitppc/bin/../lib/gcc/powerpc-eabi/4.6.3/crtbegin.o
 .rela.text._free_r
                0x00000000        0x0 c:/mingw/msys/1.0/opt/devkitpro/devkitppc/bin/../lib/gcc/powerpc-eabi/4.6.3/crtbegin.o
 .rela.text._fseek_r
                0x00000000        0x0 c:/mingw/msys/1.0/opt/devkitpro/devkitppc/bin/../lib/gcc/powerpc-eabi/4.6.3/crtbegin.o
 .rela.text.fseek
                0x00000000        0x0 c:/mingw/msys/1.0/opt/devkitpro/devkitppc/bin/../lib/gcc/powerpc-eabi/4.6.3/crtbegin.o
 .rela.text.ftell
                0x00000000        0x0 c:/mingw/msys/1.0/opt/devkitpro/devkitppc/bin/../lib/gcc/powerpc-eabi/4.6.3/crtbegin.o
 .rela.text.fwrite
                0x00000000        0x0 c:/mingw/msys/1.0/opt/devkitpro/devkitppc/bin/../lib/gcc/powerpc-eabi/4.6.3/crtbegin.o
 .rela.text._findenv
                0x00000000        0x0 c:/mingw/msys/1.0/opt/devkitpro/devkitppc/bin/../lib/gcc/powerpc-eabi/4.6.3/crtbegin.o
 .rela.text.getenv
                0x00000000        0x0 c:/mingw/msys/1.0/opt/devkitpro/devkitppc/bin/../lib/gcc/powerpc-eabi/4.6.3/crtbegin.o
 .rela.text._findenv_r
                0x00000000        0x0 c:/mingw/msys/1.0/opt/devkitpro/devkitppc/bin/../lib/gcc/powerpc-eabi/4.6.3/crtbegin.o
 .rela.text.gmtime
                0x00000000        0x0 c:/mingw/msys/1.0/opt/devkitpro/devkitppc/bin/../lib/gcc/powerpc-eabi/4.6.3/crtbegin.o
 .rela.text.loadlocale
                0x00000000        0x0 c:/mingw/msys/1.0/opt/devkitpro/devkitppc/bin/../lib/gcc/powerpc-eabi/4.6.3/crtbegin.o
 .rela.text.__smakebuf_r
                0x00000000        0x0 c:/mingw/msys/1.0/opt/devkitpro/devkitppc/bin/../lib/gcc/powerpc-eabi/4.6.3/crtbegin.o
 .rela.text._mbrtowc_r
                0x00000000        0x0 c:/mingw/msys/1.0/opt/devkitpro/devkitppc/bin/../lib/gcc/powerpc-eabi/4.6.3/crtbegin.o
 .rela.text.mbrtowc
                0x00000000        0x0 c:/mingw/msys/1.0/opt/devkitpro/devkitppc/bin/../lib/gcc/powerpc-eabi/4.6.3/crtbegin.o
 .rela.text.mktime
                0x00000000        0x0 c:/mingw/msys/1.0/opt/devkitpro/devkitppc/bin/../lib/gcc/powerpc-eabi/4.6.3/crtbegin.o
 .rela.text._mktm_r
                0x00000000        0x0 c:/mingw/msys/1.0/opt/devkitpro/devkitppc/bin/../lib/gcc/powerpc-eabi/4.6.3/crtbegin.o
 .rela.text._strtod_r
                0x00000000        0x0 c:/mingw/msys/1.0/opt/devkitpro/devkitppc/bin/../lib/gcc/powerpc-eabi/4.6.3/crtbegin.o
 .rela.text._wcrtomb_r
                0x00000000        0x0 c:/mingw/msys/1.0/opt/devkitpro/devkitppc/bin/../lib/gcc/powerpc-eabi/4.6.3/crtbegin.o
 .rela.text.wcrtomb
                0x00000000        0x0 c:/mingw/msys/1.0/opt/devkitpro/devkitppc/bin/../lib/gcc/powerpc-eabi/4.6.3/crtbegin.o
 .rela.text.wctob
                0x00000000        0x0 c:/mingw/msys/1.0/opt/devkitpro/devkitppc/bin/../lib/gcc/powerpc-eabi/4.6.3/crtbegin.o
 .rela.text.__call_exitprocs
                0x00000000        0x0 c:/mingw/msys/1.0/opt/devkitpro/devkitppc/bin/../lib/gcc/powerpc-eabi/4.6.3/crtbegin.o
 .rela.text._dtoa_r
                0x00000000        0x0 c:/mingw/msys/1.0/opt/devkitpro/devkitppc/bin/../lib/gcc/powerpc-eabi/4.6.3/crtbegin.o
 .rela.text.__hexdig_init
                0x00000000        0x0 c:/mingw/msys/1.0/opt/devkitpro/devkitppc/bin/../lib/gcc/powerpc-eabi/4.6.3/crtbegin.o
 .rela.text.__gethex
                0x00000000        0x0 c:/mingw/msys/1.0/opt/devkitpro/devkitppc/bin/../lib/gcc/powerpc-eabi/4.6.3/crtbegin.o
 .rela.text.__hexnan
                0x00000000        0x0 c:/mingw/msys/1.0/opt/devkitpro/devkitppc/bin/../lib/gcc/powerpc-eabi/4.6.3/crtbegin.o

.rel.fini
 *(.rel.fini)

.rela.fini
 *(.rela.fini)

.rel.rodata
 *(.rel.rodata .rel.rodata.* .rel.gnu.linkonce.r.*)

.rela.rodata    0x81230194        0x0
 *(.rela.rodata .rela.rodata.* .rela.gnu.linkonce.r.*)
 .rela.rodata.dotab_fat
                0x00000000        0x0 c:/mingw/msys/1.0/opt/devkitpro/devkitppc/bin/../lib/gcc/powerpc-eabi/4.6.3/crtbegin.o
 .rela.rodata.devops_ntfs
                0x00000000        0x0 c:/mingw/msys/1.0/opt/devkitpro/devkitppc/bin/../lib/gcc/powerpc-eabi/4.6.3/crtbegin.o
 .rela.rodata.ntfs_disc_interfaces
                0x00000000        0x0 c:/mingw/msys/1.0/opt/devkitpro/devkitppc/bin/../lib/gcc/powerpc-eabi/4.6.3/crtbegin.o
 .rela.rodata.devops_ext2
                0x00000000        0x0 c:/mingw/msys/1.0/opt/devkitpro/devkitppc/bin/../lib/gcc/powerpc-eabi/4.6.3/crtbegin.o

.rel.data
 *(.rel.data .rel.data.* .rel.gnu.linkonce.d.*)

.rela.data
 *(.rela.data .rela.data.* .rela.gnu.linkonce.d.*)

.rel.tdata
 *(.rel.tdata .rel.tdata.* .rel.gnu.linkonce.td.*)

.rela.tdata
 *(.rela.tdata .rela.tdata.* .rela.gnu.linkonce.td.*)

.rel.tbss
 *(.rel.tbss .rel.tbss.* .rel.gnu.linkonce.tb.*)

.rela.tbss
 *(.rela.tbss .rela.tbss.* .rela.gnu.linkonce.tb.*)

.rel.ctors
 *(.rel.ctors)

.rela.ctors
 *(.rela.ctors)

.rel.dtors
 *(.rel.dtors)

.rela.dtors
 *(.rela.dtors)

.rel.got
 *(.rel.got)

.rela.got
 *(.rela.got)

.rela.got1
 *(.rela.got1)

.rela.got2      0x81230194        0x0
 *(.rela.got2)
 .rela.got2     0x00000000        0x0 c:/mingw/msys/1.0/opt/devkitpro/devkitppc/bin/../lib/gcc/powerpc-eabi/4.6.3/crtbegin.o

.rel.sdata
 *(.rel.sdata .rel.sdata.* .rel.gnu.linkonce.s.*)

.rela.sdata
 *(.rela.sdata .rela.sdata.* .rela.gnu.linkonce.s.*)

.rel.sbss
 *(.rel.sbss .rel.sbss.* .rel.gnu.linkonce.sb.*)

.rela.sbss
 *(.rela.sbss .rela.sbss.* .rel.gnu.linkonce.sb.*)

.rel.sdata2
 *(.rel.sdata2 .rel.sdata2.* .rel.gnu.linkonce.s2.*)

.rela.sdata2
 *(.rela.sdata2 .rela.sdata2.* .rela.gnu.linkonce.s2.*)

.rel.sbss2
 *(.rel.sbss2 .rel.sbss2.* .rel.gnu.linkonce.sb2.*)

.rela.sbss2
 *(.rela.sbss2 .rela.sbss2.* .rela.gnu.linkonce.sb2.*)

.rel.bss
 *(.rel.bss .rel.bss.* .rel.gnu.linkonce.b.*)

.rela.bss
 *(.rela.bss .rela.bss.* .rela.gnu.linkonce.b.*)

.rel.plt
 *(.rel.plt)

.rela.plt
 *(.rela.plt)

.text           0x812301a0    0xa05a0
 *(.text)
 .text          0x812301a0      0x168 c:/mingw/msys/1.0/opt/devkitpro/devkitppc/bin/../lib/gcc/powerpc-eabi/4.6.3/crtbegin.o
 .text          0x81230308       0x44 c:/mingw/msys/1.0/opt/devkitpro/devkitppc/bin/../lib/gcc/powerpc-eabi/4.6.3/../../../../powerpc-eabi/lib/crtmain.o
                0x8123030c                __crtmain
 .text          0x8123034c      0x1ac C:/MinGW/msys/1.0/opt/devkitpro/libogc/lib/wii\libogc.a(irq_handler.o)
                0x8123034c                irq_exceptionhandler
 .text          0x812304f8      0x4f4 C:/MinGW/msys/1.0/opt/devkitpro/libogc/lib/wii\libogc.a(cache_asm.o)
                0x812304f8                DCFlashInvalidate
                0x8123050c                DCEnable
                0x81230520                DCDisable
                0x81230534                DCFreeze
                0x81230548                DCUnfreeze
                0x8123055c                DCTouchLoad
                0x81230564                DCBlockZero
                0x8123056c                DCBlockStore
                0x81230574                DCBlockFlush
                0x8123057c                DCBlockInvalidate
                0x81230584                DCInvalidateRange
                0x812305b4                DCFlushRange
                0x812305e8                DCStoreRange
                0x8123061c                DCFlushRangeNoSync
                0x8123064c                DCStoreRangeNoSync
                0x8123067c                DCZeroRange
                0x812306ac                DCTouchRange
                0x812306dc                ICInvalidateRange
                0x81230714                ICFlashInvalidate
                0x81230728                ICEnable
                0x8123073c                ICDisable
                0x81230750                ICFreeze
                0x81230764                ICUnfreeze
                0x81230778                ICBlockInvalidate
                0x81230780                ICSync
                0x81230788                L2Init
                0x812307d0                L2Enable
                0x812307ec                L2Disable
                0x81230804                L2GlobalInvalidate
                0x8123085c                __LCEnable
                0x81230928                LCDisable
                0x81230950                LCAllocOneTag
                0x81230964                LCAllocTags
                0x812309a4                LCLoadBlocks
                0x812309c8                LCStoreBlocks
 .text          0x812309ec      0x8dc C:/MinGW/msys/1.0/opt/devkitpro/libogc/lib/wii\libogc.a(gu_psasm.o)
                0x812309ec                ps_guMtxConcat
                0x81230ab0                ps_guMtxIdentity
                0x81230adc                ps_guMtxCopy
                0x81230b10                ps_guMtxTranspose
                0x81230b60                ps_guMtxInverse
                0x81230c58                ps_guMtxInvXpose
                0x81230d20                ps_guMtxScale
                0x81230d48                ps_guMtxScaleApply
                0x81230da0                ps_guMtxApplyScale
                0x81230e04                ps_guMtxTrans
                0x81230e38                ps_guMtxTransApply
                0x81230e84                ps_guMtxApplyTrans
                0x81230f00                ps_guMtxRotTrig
                0x81230fb0                __ps_guMtxRotAxisRadInternal
                0x81231070                ps_guMtxReflect
                0x812310e0                ps_guVecAdd
                0x81231104                ps_guVecSub
                0x81231128                ps_guVecScale
                0x81231144                ps_guVecNormalize
                0x81231188                ps_guVecCross
                0x812311c4                ps_guVecDotProduct
                0x812311e4                ps_guVecMultiply
                0x81231238                ps_guVecMultiplySR
                0x812312a8                ps_guQuatDotProduct
 .text          0x812312c8      0x1ac C:/MinGW/msys/1.0/opt/devkitpro/libogc/lib/wii\libogc.a(decrementer_handler.o)
                0x812312c8                dec_exceptionhandler
 *fill*         0x81231474        0xc 00000000
 .text          0x81231480      0x44c C:/MinGW/msys/1.0/opt/devkitpro/libogc/lib/wii\libogc.a(lwp_handler.o)
                0x81231480                _cpu_context_save_fp
                0x812315c0                _cpu_context_restore_fp
                0x81231700                _cpu_context_switch
                0x812317e0                _cpu_context_save
                0x81231860                _cpu_context_restore
 .text          0x812318cc      0x35c C:/MinGW/msys/1.0/opt/devkitpro/libogc/lib/wii\libogc.a(exception_handler.o)
                0x812318cc                exceptionhandler_start
                0x81231948                exceptionhandler_patch
                0x8123197c                exceptionhandler_end
                0x81231980                default_exceptionhandler
                0x81231ab0                fpu_exceptionhandler
                0x81231bf8                systemcallhandler_start
                0x81231c24                systemcallhandler_end
 .text          0x81231c28      0x118 C:/MinGW/msys/1.0/opt/devkitpro/libogc/lib/wii\libogc.a(video_asm.o)
                0x81231c28                __VIClearFramebuffer
 .text          0x81231d40      0x4a0 C:/MinGW/msys/1.0/opt/devkitpro/libogc/lib/wii\libogc.a(system_asm.o)
                0x81231d40                __realmode
                0x81231d58                __configBATS
                0x81231e88                __InitFPRS
                0x81231fb4                __InitPS
                0x81232010                __InitCache
                0x81232068                __InitSystem
                0x812320f0                __flush_cache
                0x81232124                __reset
                0x81232194                __InitBATS
                0x812321b0                SYS_SwitchFiber
 .text          0x812321e0     0x1c20 C:/MinGW/msys/1.0/opt/devkitpro/portlibs/ppc/lib\libpng.a(libpng14_la-png.o)
                0x812321e0                png_set_sig_bytes
                0x81232268                png_sig_cmp
                0x81232350                png_zalloc
                0x81232438                png_zfree
                0x81232478                png_reset_crc
                0x812324c8                png_calculate_crc
                0x812325a0                png_create_info_struct
                0x81232638                png_destroy_info_struct
                0x812326f4                png_info_init_3
                0x81232798                png_data_freer
                0x81232868                png_free_data
                0x812331b4                png_info_destroy
                0x8123325c                png_get_io_ptr
                0x812332a0                png_init_io
                0x812332e8                png_convert_to_rfc1123
                0x812334a0                png_get_copyright
                0x812334cc                png_get_libpng_ver
                0x812334f8                png_get_header_ver
                0x81233524                png_get_header_version
                0x81233550                png_handle_as_unknown
                0x81233654                png_reset_zstream
                0x812336b0                png_access_version_number
                0x812336d4                png_64bit_product
                0x812337d4                png_check_cHRM_fixed
                0x81233a2c                png_check_IHDR
 .text          0x81233e00     0x31cc C:/MinGW/msys/1.0/opt/devkitpro/portlibs/ppc/lib\libpng.a(libpng14_la-pngset.o)
                0x81233e00                png_set_bKGD
                0x81233e94                png_set_cHRM
                0x812341f4                png_set_cHRM_fixed
                0x81234554                png_set_gAMA
                0x812346a0                png_set_gAMA_fixed
                0x812347b4                png_set_hIST
                0x81234968                png_set_IHDR
                0x81234c64                png_set_oFFs
                0x81234d04                png_set_pCAL
                0x81235088                png_set_sCAL
                0x81235128                png_set_pHYs
                0x812351c8                png_set_PLTE
                0x81235354                png_set_sBIT
                0x812353dc                png_set_sRGB
                0x81235454                png_set_sRGB_gAMA_and_cHRM
                0x8123564c                png_set_iCCP
                0x81235820                png_set_text
                0x81235890                png_set_text_2
                0x81236010                png_set_tIME
                0x812360b0                png_set_tRNS
                0x81236324                png_set_sPLT
                0x81236668                png_set_unknown_chunks
                0x8123693c                png_set_unknown_chunk_location
                0x812369d0                png_permit_mng_features
                0x81236a30                png_set_keep_unknown_chunks
                0x81236ca4                png_set_read_user_chunk_fn
                0x81236d00                png_set_rows
                0x81236dd0                png_set_compression_buffer_size
                0x81236e8c                png_set_invalid
                0x81236ef0                png_set_user_limits
                0x81236f4c                png_set_chunk_cache_max
                0x81236f8c                png_set_chunk_malloc_max
 .text          0x81236fcc     0x1d74 C:/MinGW/msys/1.0/opt/devkitpro/portlibs/ppc/lib\libpng.a(libpng14_la-pngget.o)
                0x81236fcc                png_get_valid
                0x8123702c                png_get_rowbytes
                0x81237080                png_get_rows
                0x812370d4                png_get_image_width
                0x81237128                png_get_image_height
                0x8123717c                png_get_bit_depth
                0x812371d4                png_get_color_type
                0x8123722c                png_get_filter_type
                0x81237284                png_get_interlace_type
                0x812372dc                png_get_compression_type
                0x81237334                png_get_x_pixels_per_meter
                0x812373c0                png_get_y_pixels_per_meter
                0x8123744c                png_get_pixels_per_meter
                0x812374f8                png_get_pixel_aspect_ratio
                0x812375e0                png_get_x_offset_microns
                0x8123766c                png_get_y_offset_microns
                0x812376f8                png_get_x_offset_pixels
                0x81237784                png_get_y_offset_pixels
                0x81237810                png_get_channels
                0x81237868                png_get_signature
                0x812378b8                png_get_bKGD
                0x81237940                png_get_cHRM
                0x81237adc                png_get_cHRM_fixed
                0x81237c78                png_get_gAMA
                0x81237d08                png_get_gAMA_fixed
                0x81237d98                png_get_sRGB
                0x81237e2c                png_get_iCCP
                0x81237f2c                png_get_sPLT
                0x81237fa8                png_get_hIST
                0x81238034                png_get_IHDR
                0x81238264                png_get_oFFs
                0x81238348                png_get_pCAL
                0x812384d0                png_get_sCAL
                0x81238590                png_get_pHYs
                0x81238698                png_get_PLTE
                0x81238748                png_get_sBIT
                0x812387d0                png_get_text
                0x812388a4                png_get_tIME
                0x8123892c                png_get_tRNS
                0x81238a88                png_get_unknown_chunks
                0x81238b04                png_get_rgb_to_gray_status
                0x81238b4c                png_get_user_chunk_ptr
                0x81238b90                png_get_compression_buffer_size
                0x81238bd4                png_get_user_width_max
                0x81238c18                png_get_user_height_max
                0x81238c5c                png_get_chunk_cache_max
                0x81238ca0                png_get_chunk_malloc_max
                0x81238ce4                png_get_io_state
                0x81238d14                png_get_io_chunk_name
 .text          0x81238d40     0x1664 C:/MinGW/msys/1.0/opt/devkitpro/portlibs/ppc/lib\libpng.a(libpng14_la-pngtrans.o)
                0x81238d40                png_set_bgr
                0x81238d90                png_set_swap
                0x81238df8                png_set_packing
                0x81238e70                png_set_packswap
                0x81238ed8                png_set_shift
                0x81238f4c                png_set_interlace_handling
                0x81238fbc                png_set_filler
                0x812390d8                png_set_add_alpha
                0x81239150                png_set_swap_alpha
                0x812391a0                png_set_invert_alpha
                0x812391f0                png_set_invert_mono
                0x81239240                png_do_invert
                0x8123945c                png_do_swap
                0x81239538                png_do_packswap
                0x81239660                png_do_strip_filler
                0x81239f8c                png_do_bgr
                0x8123a2e8                png_set_user_transform_info
                0x8123a360                png_get_user_transform_ptr
 .text          0x8123a3a4     0x329c C:/MinGW/msys/1.0/opt/devkitpro/portlibs/ppc/lib\libpng.a(libpng14_la-pngread.o)
                0x8123a3a4                png_create_read_struct
                0x8123a408                png_create_read_struct_2
                0x8123a964                png_read_info
                0x8123b408                png_read_update_info
                0x8123b490                png_start_read_image
                0x8123b4f4                png_read_row
                0x8123c07c                png_read_rows
                0x8123c22c                png_read_image
                0x8123c320                png_read_end
                0x8123cb84                png_destroy_read_struct
                0x8123cd28                png_read_destroy
                0x8123d258                png_set_read_status_fn
                0x8123d2a0                png_read_png
 .text          0x8123d640      0x1f4 C:/MinGW/msys/1.0/opt/devkitpro/portlibs/ppc/lib\libpng.a(libpng14_la-pngrio.o)
                0x8123d640                png_read_data
                0x8123d6c0                png_default_read_data
                0x8123d750                png_set_read_fn
 .text          0x8123d834     0xf504 C:/MinGW/msys/1.0/opt/devkitpro/portlibs/ppc/lib\libpng.a(libpng14_la-pngrtran.o)
                0x8123d834                png_set_crc_action
                0x8123da70                png_set_background
                0x8123db8c                png_set_strip_16
                0x8123dbdc                png_set_strip_alpha
                0x8123dc2c                png_set_quantize
                0x8123ef8c                png_set_gamma
                0x8123f084                png_set_expand
                0x8123f0f4                png_set_palette_to_rgb
                0x8123f164                png_set_expand_gray_1_2_4_to_8
                0x8123f1d0                png_set_tRNS_to_alpha
                0x8123f22c                png_set_gray_to_rgb
                0x8123f284                png_set_rgb_to_gray
                0x8123f378                png_set_rgb_to_gray_fixed
                0x8123f56c                png_set_read_user_transform_fn
                0x8123f5d0                png_init_read_transformations
                0x812417d8                png_read_transform_info
                0x81241e44                png_do_read_transformations
                0x812427f8                png_do_unpack
                0x81242b6c                png_do_unshift
                0x81243168                png_do_chop
                0x81243294                png_do_read_swap_alpha
                0x81243834                png_do_read_invert_alpha
                0x81243bcc                png_do_read_filler
                0x812447e8                png_do_gray_to_rgb
                0x81244ea4                png_do_rgb_to_gray
                0x81246284                png_build_grayscale_palette
                0x812463f4                png_do_background
                0x81249598                png_do_gamma
                0x8124a264                png_do_expand_palette
                0x8124a974                png_do_expand
                0x8124b788                png_do_quantize
                0x8124bc48                png_build_gamma_table
                0x8124ca08                png_do_read_intrapixel
 .text          0x8124cd38      0x61c C:/MinGW/msys/1.0/opt/devkitpro/portlibs/ppc/lib\libpng.a(libpng14_la-pngmem.o)
                0x8124cd38                png_create_struct
                0x8124cd80                png_create_struct_2
                0x8124ce9c                png_destroy_struct
                0x8124cedc                png_destroy_struct_2
                0x8124cf64                png_calloc
                0x8124cfd8                png_malloc
                0x8124d0b0                png_malloc_default
                0x8124d11c                png_free
                0x8124d1b0                png_free_default
                0x8124d20c                png_malloc_warn
                0x8124d2a8                png_set_mem_fn
                0x8124d310                png_get_mem_ptr
 .text          0x8124d354      0x708 C:/MinGW/msys/1.0/opt/devkitpro/portlibs/ppc/lib\libpng.a(libpng14_la-pngerror.o)
                0x8124d354                png_error
                0x8124d3d0                png_warning
                0x8124d734                png_chunk_error
                0x8124d7a8                png_chunk_warning
                0x8124d81c                png_set_longjmp_fn
                0x8124d9a8                png_set_error_fn
                0x8124da18                png_get_error_ptr
 .text          0x8124da5c     0x8538 C:/MinGW/msys/1.0/opt/devkitpro/portlibs/ppc/lib\libpng.a(libpng14_la-pngrutil.o)
                0x8124da5c                png_get_uint_31
                0x8124db1c                png_read_chunk_header
                0x8124dbec                png_crc_read
                0x8124dc58                png_crc_finish
                0x8124ddcc                png_crc_error
                0x8124e174                png_decompress_chunk
                0x8124e4bc                png_handle_IHDR
                0x8124e7cc                png_handle_PLTE
                0x8124eaf0                png_handle_IEND
                0x8124ebac                png_handle_gAMA
                0x8124ee88                png_handle_sBIT
                0x8124f150                png_handle_cHRM
                0x8124f910                png_handle_sRGB
                0x8124fd00                png_handle_iCCP
                0x81250210                png_handle_sPLT
                0x812508bc                png_handle_tRNS
                0x81250c8c                png_handle_bKGD
                0x812510e4                png_handle_hIST
                0x81251300                png_handle_pHYs
                0x812514dc                png_handle_oFFs
                0x81251758                png_handle_pCAL
                0x81251eb8                png_handle_sCAL
                0x81252308                png_handle_tIME
                0x812524b8                png_handle_tEXt
                0x81252860                png_handle_zTXt
                0x81252ccc                png_handle_iTXt
                0x812532e4                png_handle_unknown
                0x81253680                png_check_chunk_name
                0x81253874                png_combine_row
                0x81253fb8                png_do_read_interlace
                0x812549fc                png_read_filter_row
                0x81254fa0                png_read_finish_row
                0x81255750                png_read_start_row
 .text          0x81255f94      0x63c C:/MinGW/msys/1.0/opt/devkitpro/portlibs/ppc/lib\libz.a(crc32.o)
                0x812561c0                get_crc_table
                0x812561cc                crc32
                0x812565c8                crc32_combine
                0x812565cc                crc32_combine64
 .text          0x812565d0     0x2a78 C:/MinGW/msys/1.0/opt/devkitpro/portlibs/ppc/lib\libz.a(inflate.o)
                0x812567c0                inflateReset
                0x81256848                inflateReset2
                0x812569b0                inflateInit2_
                0x81256af4                inflateInit_
                0x81256c38                inflatePrime
                0x81256cb0                inflate
                0x81258994                inflateEnd
                0x81258a18                inflateSetDictionary
                0x81258b40                inflateGetHeader
                0x81258b78                inflateSync
                0x81258dc8                inflateSyncPoint
                0x81258e00                inflateCopy
                0x81258fc0                inflateUndermine
                0x81258fe8                inflateMark
 .text          0x81259048      0x868 C:/MinGW/msys/1.0/opt/devkitpro/portlibs/ppc/lib\libz.a(inftrees.o)
                0x81259048                inflate_table
 .text          0x812598b0       0x74 C:/MinGW/msys/1.0/opt/devkitpro/portlibs/ppc/lib\libz.a(zutil.o)
                0x812598b0                zlibVersion
                0x812598bc                zlibCompileFlags
                0x812598c4                zError
                0x812598dc                zcalloc
                0x81259900                zcfree
 .text          0x81259924      0x564 C:/MinGW/msys/1.0/opt/devkitpro/portlibs/ppc/lib\libz.a(adler32.o)
                0x81259924                adler32
                0x81259cb0                adler32_combine
                0x81259d9c                adler32_combine64
 .text          0x81259e88      0x99c C:/MinGW/msys/1.0/opt/devkitpro/portlibs/ppc/lib\libz.a(inffast.o)
                0x81259e88                inflate_fast
 .text          0x8125a824       0x40 c:/mingw/msys/1.0/opt/devkitpro/devkitppc/bin/../lib/gcc/powerpc-eabi/4.6.3\libgcc.a(_lshrdi3.o)
                0x8125a824                __lshrdi3
 .text          0x8125a864       0x40 c:/mingw/msys/1.0/opt/devkitpro/devkitppc/bin/../lib/gcc/powerpc-eabi/4.6.3\libgcc.a(_ashldi3.o)
                0x8125a864                __ashldi3
 .text          0x8125a8a4       0x40 c:/mingw/msys/1.0/opt/devkitpro/devkitppc/bin/../lib/gcc/powerpc-eabi/4.6.3\libgcc.a(_ashrdi3.o)
                0x8125a8a4                __ashrdi3
 .text          0x8125a8e4       0x50 c:/mingw/msys/1.0/opt/devkitpro/devkitppc/bin/../lib/gcc/powerpc-eabi/4.6.3\libgcc.a(_floatdidf.o)
                0x8125a8e4                __floatdidf
 .text          0x8125a934      0x448 c:/mingw/msys/1.0/opt/devkitpro/devkitppc/bin/../lib/gcc/powerpc-eabi/4.6.3\libgcc.a(_divdi3.o)
                0x8125a934                __divdi3
 .text          0x8125ad7c      0x430 c:/mingw/msys/1.0/opt/devkitpro/devkitppc/bin/../lib/gcc/powerpc-eabi/4.6.3\libgcc.a(_moddi3.o)
                0x8125ad7c                __moddi3
 .text          0x8125b1ac      0x400 c:/mingw/msys/1.0/opt/devkitpro/devkitppc/bin/../lib/gcc/powerpc-eabi/4.6.3\libgcc.a(_udivdi3.o)
                0x8125b1ac                __udivdi3
 .text          0x8125b5ac      0x3d4 c:/mingw/msys/1.0/opt/devkitpro/devkitppc/bin/../lib/gcc/powerpc-eabi/4.6.3\libgcc.a(_umoddi3.o)
                0x8125b5ac                __umoddi3
 .text          0x8125b980       0x48 c:/mingw/msys/1.0/opt/devkitpro/devkitppc/bin/../lib/gcc/powerpc-eabi/4.6.3\libgcc.a(eabi.o)
                0x8125b980                __eabi
 .text          0x8125b9c8       0x4c c:/mingw/msys/1.0/opt/devkitpro/devkitppc/bin/../lib/gcc/powerpc-eabi/4.6.3\libgcc.a(crtsavfpr.o)
                0x8125b9c8                _savefpr_14
                0x8125b9cc                _savefpr_15
                0x8125b9d0                _savefpr_16
                0x8125b9d4                _savefpr_17
                0x8125b9d8                _savefpr_18
                0x8125b9dc                _savefpr_19
                0x8125b9e0                _savefpr_20
                0x8125b9e4                _savefpr_21
                0x8125b9e8                _savefpr_22
                0x8125b9ec                _savefpr_23
                0x8125b9f0                _savefpr_24
                0x8125b9f4                _savefpr_25
                0x8125b9f8                _savefpr_26
                0x8125b9fc                _savefpr_27
                0x8125ba00                _savefpr_28
                0x8125ba04                _savefpr_29
                0x8125ba08                _savefpr_30
                0x8125ba0c                _savefpr_31
 .text          0x8125ba14       0x4c c:/mingw/msys/1.0/opt/devkitpro/devkitppc/bin/../lib/gcc/powerpc-eabi/4.6.3\libgcc.a(crtsavgpr.o)
                0x8125ba14                _savegpr_14
                0x8125ba18                _savegpr_15
                0x8125ba1c                _savegpr_16
                0x8125ba20                _savegpr_17
                0x8125ba24                _savegpr_18
                0x8125ba28                _savegpr_19
                0x8125ba2c                _savegpr_20
                0x8125ba30                _savegpr_21
                0x8125ba34                _savegpr_22
                0x8125ba38                _savegpr_23
                0x8125ba3c                _savegpr_24
                0x8125ba40                _savegpr_25
                0x8125ba44                _savegpr_26
                0x8125ba48                _savegpr_27
                0x8125ba4c                _savegpr_28
                0x8125ba50                _savegpr_29
                0x8125ba54                _savegpr_30
                0x8125ba58                _savegpr_31
 .text          0x8125ba60       0x58 c:/mingw/msys/1.0/opt/devkitpro/devkitppc/bin/../lib/gcc/powerpc-eabi/4.6.3\libgcc.a(crtresxfpr.o)
                0x8125ba60                _restfpr_14_x
                0x8125ba64                _restfpr_15_x
                0x8125ba68                _restfpr_16_x
                0x8125ba6c                _restfpr_17_x
                0x8125ba70                _restfpr_18_x
                0x8125ba74                _restfpr_19_x
                0x8125ba78                _restfpr_20_x
                0x8125ba7c                _restfpr_21_x
                0x8125ba80                _restfpr_22_x
                0x8125ba84                _restfpr_23_x
                0x8125ba88                _restfpr_24_x
                0x8125ba8c                _restfpr_25_x
                0x8125ba90                _restfpr_26_x
                0x8125ba94                _restfpr_27_x
                0x8125ba98                _restfpr_28_x
                0x8125ba9c                _restfpr_29_x
                0x8125baa0                _restfpr_30_x
                0x8125baa4                _restfpr_31_x
 .text          0x8125bab8       0x58 c:/mingw/msys/1.0/opt/devkitpro/devkitppc/bin/../lib/gcc/powerpc-eabi/4.6.3\libgcc.a(crtresxgpr.o)
                0x8125bab8                _restgpr_14_x
                0x8125babc                _restgpr_15_x
                0x8125bac0                _restgpr_16_x
                0x8125bac4                _restgpr_17_x
                0x8125bac8                _restgpr_18_x
                0x8125bacc                _restgpr_19_x
                0x8125bad0                _restgpr_20_x
                0x8125bad4                _restgpr_21_x
                0x8125bad8                _restgpr_22_x
                0x8125badc                _restgpr_23_x
                0x8125bae0                _restgpr_24_x
                0x8125bae4                _restgpr_25_x
                0x8125bae8                _restgpr_26_x
                0x8125baec                _restgpr_27_x
                0x8125baf0                _restgpr_28_x
                0x8125baf4                _restgpr_29_x
                0x8125baf8                _restgpr_30_x
                0x8125bafc                _restgpr_31_x
 .text          0x8125bb10       0x28 c:/mingw/msys/1.0/opt/devkitpro/devkitppc/bin/../lib/gcc/powerpc-eabi/4.6.3/../../../../powerpc-eabi/lib\libsysbase.a(abort.o)
                0x8125bb10                abort
 .text          0x8125bb38      0x2ec c:/mingw/msys/1.0/opt/devkitpro/devkitppc/bin/../lib/gcc/powerpc-eabi/4.6.3/../../../../powerpc-eabi/lib\libsysbase.a(iosupport.o)
                0x8125bb38                setDefaultDevice
                0x8125bb50                FindDevice
                0x8125bc74                RemoveDevice
                0x8125bcc4                AddDevice
                0x8125bde0                GetDeviceOpTab
 .text          0x8125be24       0x28 c:/mingw/msys/1.0/opt/devkitpro/devkitppc/bin/../lib/gcc/powerpc-eabi/4.6.3/../../../../powerpc-eabi/lib\libsysbase.a(_exit.o)
                0x8125be24                _exit
 .text          0x8125be4c       0x90 c:/mingw/msys/1.0/opt/devkitpro/devkitppc/bin/../lib/gcc/powerpc-eabi/4.6.3/../../../../powerpc-eabi/lib\libsysbase.a(build_argv.o)
                0x8125be4c                build_argv
 .text          0x8125bedc      0x168 c:/mingw/msys/1.0/opt/devkitpro/devkitppc/bin/../lib/gcc/powerpc-eabi/4.6.3/../../../../powerpc-eabi/lib\libsysbase.a(syscall_support.o)
                0x8125bedc                __libc_lock_init
                0x8125bf1c                __libc_lock_close
                0x8125bf5c                __libc_lock_release
                0x8125bf9c                __libc_lock_acquire
                0x8125bfdc                __malloc_lock
                0x8125c010                __malloc_unlock
 .text          0x8125c044      0x180 c:/mingw/msys/1.0/opt/devkitpro/devkitppc/bin/../lib/gcc/powerpc-eabi/4.6.3/../../../../powerpc-eabi/lib\libc.a(lib_a-setjmp.o)
                0x8125c044                setjmp
                0x8125c100                longjmp
 .text          0x8125c1c4       0x98 c:/mingw/msys/1.0/opt/devkitpro/devkitppc/bin/../lib/gcc/powerpc-eabi/4.6.3/../../../../powerpc-eabi/lib\libsysbase.a(close.o)
                0x8125c1c4                _close_r
 .text          0x8125c25c       0xc8 c:/mingw/msys/1.0/opt/devkitpro/devkitppc/bin/../lib/gcc/powerpc-eabi/4.6.3/../../../../powerpc-eabi/lib\libsysbase.a(fstat.o)
                0x8125c25c                _fstat_r
 .text          0x8125c324       0x10 c:/mingw/msys/1.0/opt/devkitpro/devkitppc/bin/../lib/gcc/powerpc-eabi/4.6.3/../../../../powerpc-eabi/lib\libsysbase.a(getpid.o)
                0x8125c324                _getpid_r
 .text          0x8125c334       0x44 c:/mingw/msys/1.0/opt/devkitpro/devkitppc/bin/../lib/gcc/powerpc-eabi/4.6.3/../../../../powerpc-eabi/lib\libsysbase.a(gettod.o)
                0x8125c334                _gettimeofday_r
 .text          0x8125c378        0x8 c:/mingw/msys/1.0/opt/devkitpro/devkitppc/bin/../lib/gcc/powerpc-eabi/4.6.3/../../../../powerpc-eabi/lib\libsysbase.a(isatty.o)
                0x8125c378                _isatty_r
 .text          0x8125c380       0xcc c:/mingw/msys/1.0/opt/devkitpro/devkitppc/bin/../lib/gcc/powerpc-eabi/4.6.3/../../../../powerpc-eabi/lib\libsysbase.a(lseek.o)
                0x8125c380                _lseek_r
 .text          0x8125c44c      0x14c c:/mingw/msys/1.0/opt/devkitpro/devkitppc/bin/../lib/gcc/powerpc-eabi/4.6.3/../../../../powerpc-eabi/lib\libsysbase.a(open.o)
                0x8125c44c                _open_r
 .text          0x8125c598       0xac c:/mingw/msys/1.0/opt/devkitpro/devkitppc/bin/../lib/gcc/powerpc-eabi/4.6.3/../../../../powerpc-eabi/lib\libsysbase.a(read.o)
                0x8125c598                _read_r
 .text          0x8125c644       0x50 c:/mingw/msys/1.0/opt/devkitpro/devkitppc/bin/../lib/gcc/powerpc-eabi/4.6.3/../../../../powerpc-eabi/lib\libsysbase.a(sbrk.o)
                0x8125c644                _sbrk_r
 .text          0x8125c694       0xac c:/mingw/msys/1.0/opt/devkitpro/devkitppc/bin/../lib/gcc/powerpc-eabi/4.6.3/../../../../powerpc-eabi/lib\libsysbase.a(write.o)
                0x8125c694                _write_r
 .text          0x8125c740       0x6c c:/mingw/msys/1.0/opt/devkitpro/devkitppc/bin/../lib/gcc/powerpc-eabi/4.6.3/../../../../powerpc-eabi/lib\libsysbase.a(flock.o)
                0x8125c740                __flockfile
                0x8125c788                __funlockfile
 .text          0x8125c7ac      0x174 c:/mingw/msys/1.0/opt/devkitpro/devkitppc/bin/../lib/gcc/powerpc-eabi/4.6.3/../../../../powerpc-eabi/lib\libsysbase.a(handle_manager.o)
                0x8125c7ac                __release_handle
                0x8125c808                __alloc_handle
                0x8125c8fc                __get_handle
 .text          0x8125c920       0x6c c:/mingw/msys/1.0/opt/devkitpro/devkitppc/bin/../lib/gcc/powerpc-eabi/4.6.3/crtend.o
 *(.text.*)
 .text.load_dol_image
                0x8125c98c      0x134 dol.o
                0x8125c98c                load_dol_image
 .text.UnmountPartitions
                0x8125cac0      0x1a4 fileop.o
 .text.AddPartition
                0x8125cc64      0x268 fileop.o
 .text.FindPartitions
                0x8125cecc      0x508 fileop.o
 .text.MountDevice
                0x8125d3d4       0xcc fileop.o
                0x8125d3d4                MountDevice
 .text.UnmountAllDevices
                0x8125d4a0       0x28 fileop.o
                0x8125d4a0                UnmountAllDevices
 .text.__out_write
                0x8125d4c8        0x8 main.o
 .text.startup.main
                0x8125d4d0      0x38c main.o
                0x8125d4d0                main
 .text.pngu_read_data_from_buffer
                0x8125d85c       0x68 pngu.o
 .text.pngu_info
                0x8125d8c4      0x500 pngu.o
 .text.pngu_free_info
                0x8125ddc4       0x64 pngu.o
 .text.PNGU_SelectImageFromBuffer
                0x8125de28       0x60 pngu.o
                0x8125de28                PNGU_SelectImageFromBuffer
 .text.PNGU_ReleaseImageContext
                0x8125de88       0x68 pngu.o
                0x8125de88                PNGU_ReleaseImageContext
 .text.PNGU_GetImageProperties
                0x8125def0       0xa0 pngu.o
                0x8125def0                PNGU_GetImageProperties
 .text.DecodePNG
                0x8125df90      0x3d8 pngu.o
                0x8125df90                DecodePNG
 .text.ResetVideo_Menu
                0x8125e368      0x318 video.o
                0x8125e368                ResetVideo_Menu
 .text.InitVideo
                0x8125e680      0x248 video.o
                0x8125e680                InitVideo
 .text.StopGX   0x8125e8c8       0x30 video.o
                0x8125e8c8                StopGX
 .text.Menu_Render
                0x8125e8f8       0x8c video.o
                0x8125e8f8                Menu_Render
 .text.Menu_DrawImg
                0x8125e984      0x304 video.o
                0x8125e984                Menu_DrawImg
 .text.__exception_load
                0x8125ec88       0x78 C:/MinGW/msys/1.0/opt/devkitpro/libogc/lib/wii\libogc.a(exception.o)
                0x8125ec88                __exception_load
 .text.__systemcall_init
                0x8125ed00       0x20 C:/MinGW/msys/1.0/opt/devkitpro/libogc/lib/wii\libogc.a(exception.o)
                0x8125ed00                __systemcall_init
 .text.__exception_init
                0x8125ed20       0xa4 C:/MinGW/msys/1.0/opt/devkitpro/libogc/lib/wii\libogc.a(exception.o)
                0x8125ed20                __exception_init
 .text.__exception_close
                0x8125edc4       0x94 C:/MinGW/msys/1.0/opt/devkitpro/libogc/lib/wii\libogc.a(exception.o)
                0x8125edc4                __exception_close
 .text.__exception_closeall
                0x8125ee58       0x4c C:/MinGW/msys/1.0/opt/devkitpro/libogc/lib/wii\libogc.a(exception.o)
                0x8125ee58                __exception_closeall
 .text.c_default_exceptionhandler
                0x8125eea4      0x3cc C:/MinGW/msys/1.0/opt/devkitpro/libogc/lib/wii\libogc.a(exception.o)
                0x8125eea4                c_default_exceptionhandler
 .text.__viOpenI2C
                0x8125f270       0x24 C:/MinGW/msys/1.0/opt/devkitpro/libogc/lib/wii\libogc.a(video.o)
 .text.__viSetSCL
                0x8125f294       0x24 C:/MinGW/msys/1.0/opt/devkitpro/libogc/lib/wii\libogc.a(video.o)
 .text.__viSetSDA
                0x8125f2b8       0x24 C:/MinGW/msys/1.0/opt/devkitpro/libogc/lib/wii\libogc.a(video.o)
 .text.__setVerticalRegs
                0x8125f2dc       0xc0 C:/MinGW/msys/1.0/opt/devkitpro/libogc/lib/wii\libogc.a(video.o)
 .text.__adjustPosition
                0x8125f39c      0x174 C:/MinGW/msys/1.0/opt/devkitpro/libogc/lib/wii\libogc.a(video.o)
 .text.__getCurrentHalfLine
                0x8125f510       0x58 C:/MinGW/msys/1.0/opt/devkitpro/libogc/lib/wii\libogc.a(video.o)
 .text.__setFbbRegs.constprop.3
                0x8125f568      0x1e8 C:/MinGW/msys/1.0/opt/devkitpro/libogc/lib/wii\libogc.a(video.o)
 .text.__VISendI2CData.constprop.5
                0x8125f750      0x278 C:/MinGW/msys/1.0/opt/devkitpro/libogc/lib/wii\libogc.a(video.o)
 .text.__VIWriteI2CRegister8
                0x8125f9c8       0x38 C:/MinGW/msys/1.0/opt/devkitpro/libogc/lib/wii\libogc.a(video.o)
 .text.__VISetYUVSEL
                0x8125fa00       0x54 C:/MinGW/msys/1.0/opt/devkitpro/libogc/lib/wii\libogc.a(video.o)
 .text.__VIWriteI2CRegisterBuf
                0x8125fa54       0x48 C:/MinGW/msys/1.0/opt/devkitpro/libogc/lib/wii\libogc.a(video.o)
 .text.__VIWriteI2CRegister16
                0x8125fa9c       0x40 C:/MinGW/msys/1.0/opt/devkitpro/libogc/lib/wii\libogc.a(video.o)
 .text.VIDEO_Configure
                0x8125fadc      0x3e4 C:/MinGW/msys/1.0/opt/devkitpro/libogc/lib/wii\libogc.a(video.o)
                0x8125fadc                VIDEO_Configure
 .text.VIDEO_WaitVSync
                0x8125fec0       0x68 C:/MinGW/msys/1.0/opt/devkitpro/libogc/lib/wii\libogc.a(video.o)
                0x8125fec0                VIDEO_WaitVSync
 .text.VIDEO_SetFramebuffer
                0x8125ff28       0xfc C:/MinGW/msys/1.0/opt/devkitpro/libogc/lib/wii\libogc.a(video.o)
                0x8125ff28                VIDEO_SetFramebuffer
 .text.VIDEO_SetNextFramebuffer
                0x81260024       0x64 C:/MinGW/msys/1.0/opt/devkitpro/libogc/lib/wii\libogc.a(video.o)
                0x81260024                VIDEO_SetNextFramebuffer
 .text.VIDEO_Flush
                0x81260088       0xf8 C:/MinGW/msys/1.0/opt/devkitpro/libogc/lib/wii\libogc.a(video.o)
                0x81260088                VIDEO_Flush
 .text.VIDEO_SetBlack
                0x81260180       0x88 C:/MinGW/msys/1.0/opt/devkitpro/libogc/lib/wii\libogc.a(video.o)
                0x81260180                VIDEO_SetBlack
 .text.VIDEO_GetNextField
                0x81260208       0x74 C:/MinGW/msys/1.0/opt/devkitpro/libogc/lib/wii\libogc.a(video.o)
                0x81260208                VIDEO_GetNextField
 .text.VIDEO_GetCurrentTvMode
                0x8126027c       0x70 C:/MinGW/msys/1.0/opt/devkitpro/libogc/lib/wii\libogc.a(video.o)
                0x8126027c                VIDEO_GetCurrentTvMode
 .text.VIDEO_Init
                0x812602ec      0x554 C:/MinGW/msys/1.0/opt/devkitpro/libogc/lib/wii\libogc.a(video.o)
                0x812602ec                VIDEO_Init
 .text.__VIRetraceHandler
                0x81260840      0x1f8 C:/MinGW/msys/1.0/opt/devkitpro/libogc/lib/wii\libogc.a(video.o)
 .text.VIDEO_GetPreferredMode
                0x81260a38       0xf8 C:/MinGW/msys/1.0/opt/devkitpro/libogc/lib/wii\libogc.a(video.o)
                0x81260a38                VIDEO_GetPreferredMode
 .text.VIDEO_GetCurrentLine
                0x81260b30       0x68 C:/MinGW/msys/1.0/opt/devkitpro/libogc/lib/wii\libogc.a(video.o)
                0x81260b30                VIDEO_GetCurrentLine
 .text.VIDEO_GetFrameBufferSize
                0x81260b98       0x30 C:/MinGW/msys/1.0/opt/devkitpro/libogc/lib/wii\libogc.a(video.o)
                0x81260b98                VIDEO_GetFrameBufferSize
 .text.VIDEO_ClearFrameBuffer
                0x81260bc8       0x38 C:/MinGW/msys/1.0/opt/devkitpro/libogc/lib/wii\libogc.a(video.o)
                0x81260bc8                VIDEO_ClearFrameBuffer
 .text.SPEC0_MakeStatus
                0x81260c00      0x118 C:/MinGW/msys/1.0/opt/devkitpro/libogc/lib/wii\libogc.a(pad.o)
 .text.SPEC1_MakeStatus
                0x81260d18      0x118 C:/MinGW/msys/1.0/opt/devkitpro/libogc/lib/wii\libogc.a(pad.o)
 .text.__pad_clampS8
                0x81260e30       0x34 C:/MinGW/msys/1.0/opt/devkitpro/libogc/lib/wii\libogc.a(pad.o)
 .text.SPEC2_MakeStatus
                0x81260e64      0x148 C:/MinGW/msys/1.0/opt/devkitpro/libogc/lib/wii\libogc.a(pad.o)
 .text.__pad_samplinghandler
                0x81260fac        0x4 C:/MinGW/msys/1.0/opt/devkitpro/libogc/lib/wii\libogc.a(pad.o)
 .text.__pad_updateorigin
                0x81260fb0       0x88 C:/MinGW/msys/1.0/opt/devkitpro/libogc/lib/wii\libogc.a(pad.o)
 .text.__pad_enable
                0x81261038       0x54 C:/MinGW/msys/1.0/opt/devkitpro/libogc/lib/wii\libogc.a(pad.o)
 .text.__pad_disable
                0x8126108c       0xa0 C:/MinGW/msys/1.0/opt/devkitpro/libogc/lib/wii\libogc.a(pad.o)
 .text.__pad_doreset
                0x8126112c       0x6c C:/MinGW/msys/1.0/opt/devkitpro/libogc/lib/wii\libogc.a(pad.o)
 .text.__pad_typeandstatuscallback
                0x81261198      0x14c C:/MinGW/msys/1.0/opt/devkitpro/libogc/lib/wii\libogc.a(pad.o)
 .text.__pad_probecallback
                0x812612e4       0x44 C:/MinGW/msys/1.0/opt/devkitpro/libogc/lib/wii\libogc.a(pad.o)
 .text.__pad_origincallback
                0x81261328       0x34 C:/MinGW/msys/1.0/opt/devkitpro/libogc/lib/wii\libogc.a(pad.o)
 .text.__pad_originupdatecallback
                0x8126135c       0x60 C:/MinGW/msys/1.0/opt/devkitpro/libogc/lib/wii\libogc.a(pad.o)
 .text.__pad_receivecheckcallback
                0x812613bc       0xb4 C:/MinGW/msys/1.0/opt/devkitpro/libogc/lib/wii\libogc.a(pad.o)
 .text.__PADDisableRecalibration
                0x81261470       0x68 C:/MinGW/msys/1.0/opt/devkitpro/libogc/lib/wii\libogc.a(pad.o)
                0x81261470                __PADDisableRecalibration
 .text.PAD_Reset
                0x812614d8       0xbc C:/MinGW/msys/1.0/opt/devkitpro/libogc/lib/wii\libogc.a(pad.o)
                0x812614d8                PAD_Reset
 .text.PAD_Read
                0x81261594      0x244 C:/MinGW/msys/1.0/opt/devkitpro/libogc/lib/wii\libogc.a(pad.o)
                0x81261594                PAD_Read
 .text.PAD_Recalibrate
                0x812617d8       0x3c C:/MinGW/msys/1.0/opt/devkitpro/libogc/lib/wii\libogc.a(pad.o)
                0x812617d8                PAD_Recalibrate
 .text.PAD_Sync
                0x81261814       0x44 C:/MinGW/msys/1.0/opt/devkitpro/libogc/lib/wii\libogc.a(pad.o)
                0x81261814                PAD_Sync
 .text.PAD_SetSpec
                0x81261858       0x50 C:/MinGW/msys/1.0/opt/devkitpro/libogc/lib/wii\libogc.a(pad.o)
                0x81261858                PAD_SetSpec
 .text.PAD_Init
                0x812618a8       0xd8 C:/MinGW/msys/1.0/opt/devkitpro/libogc/lib/wii\libogc.a(pad.o)
                0x812618a8                PAD_Init
 .text.PAD_SetSamplingCallback
                0x81261980       0x44 C:/MinGW/msys/1.0/opt/devkitpro/libogc/lib/wii\libogc.a(pad.o)
                0x81261980                PAD_SetSamplingCallback
 .text.__pad_onreset
                0x812619c4       0x74 C:/MinGW/msys/1.0/opt/devkitpro/libogc/lib/wii\libogc.a(pad.o)
 .text.PAD_ScanPads
                0x81261a38      0x118 C:/MinGW/msys/1.0/opt/devkitpro/libogc/lib/wii\libogc.a(pad.o)
                0x81261a38                PAD_ScanPads
 .text.PAD_ButtonsDown
                0x81261b50       0x34 C:/MinGW/msys/1.0/opt/devkitpro/libogc/lib/wii\libogc.a(pad.o)
                0x81261b50                PAD_ButtonsDown
 .text.__call_resetfuncs
                0x81261b84       0x8c C:/MinGW/msys/1.0/opt/devkitpro/libogc/lib/wii\libogc.a(system.o)
 .text.__RSWDefaultHandler
                0x81261c10        0x4 C:/MinGW/msys/1.0/opt/devkitpro/libogc/lib/wii\libogc.a(system.o)
 .text.__POWDefaultHandler
                0x81261c14        0x4 C:/MinGW/msys/1.0/opt/devkitpro/libogc/lib/wii\libogc.a(system.o)
 .text.__locksram
                0x81261c18       0x68 C:/MinGW/msys/1.0/opt/devkitpro/libogc/lib/wii\libogc.a(system.o)
 .text.__lwp_thread_dispatchenable
                0x81261c80       0x34 C:/MinGW/msys/1.0/opt/devkitpro/libogc/lib/wii\libogc.a(system.o)
 .text.__lwp_wd_insert_ticks
                0x81261cb4       0x68 C:/MinGW/msys/1.0/opt/devkitpro/libogc/lib/wii\libogc.a(system.o)
 .text.__lwp_syswd_open
                0x81261d1c       0x48 C:/MinGW/msys/1.0/opt/devkitpro/libogc/lib/wii\libogc.a(system.o)
 .text.__sys_alarmhandler
                0x81261d64       0x94 C:/MinGW/msys/1.0/opt/devkitpro/libogc/lib/wii\libogc.a(system.o)
 .text.__sram_write
                0x81261df8       0xfc C:/MinGW/msys/1.0/opt/devkitpro/libogc/lib/wii\libogc.a(system.o)
 .text.__unlocksram
                0x81261ef4      0x100 C:/MinGW/msys/1.0/opt/devkitpro/libogc/lib/wii\libogc.a(system.o)
 .text.__sram_writecallback
                0x81261ff4       0x4c C:/MinGW/msys/1.0/opt/devkitpro/libogc/lib/wii\libogc.a(system.o)
 .text.__sram_init
                0x81262040      0x130 C:/MinGW/msys/1.0/opt/devkitpro/libogc/lib/wii\libogc.a(system.o)
                0x81262040                __sram_init
 .text.__SYS_LockSramEx
                0x81262170        0x8 C:/MinGW/msys/1.0/opt/devkitpro/libogc/lib/wii\libogc.a(system.o)
                0x81262170                __SYS_LockSramEx
 .text.__SYS_UnlockSramEx
                0x81262178        0x8 C:/MinGW/msys/1.0/opt/devkitpro/libogc/lib/wii\libogc.a(system.o)
                0x81262178                __SYS_UnlockSramEx
 .text.__SYS_GetIPCBufferLo
                0x81262180        0x8 C:/MinGW/msys/1.0/opt/devkitpro/libogc/lib/wii\libogc.a(system.o)
                0x81262180                __SYS_GetIPCBufferLo
 .text.__SYS_GetIPCBufferHi
                0x81262188        0x8 C:/MinGW/msys/1.0/opt/devkitpro/libogc/lib/wii\libogc.a(system.o)
                0x81262188                __SYS_GetIPCBufferHi
 .text._V_EXPORTNAME
                0x81262190       0x1c C:/MinGW/msys/1.0/opt/devkitpro/libogc/lib/wii\libogc.a(system.o)
                0x81262190                _V_EXPORTNAME
 .text.__SYS_InitCallbacks
                0x812621ac       0x24 C:/MinGW/msys/1.0/opt/devkitpro/libogc/lib/wii\libogc.a(system.o)
                0x812621ac                __SYS_InitCallbacks
 .text.__SYS_PreInit
                0x812621d0        0x4 C:/MinGW/msys/1.0/opt/devkitpro/libogc/lib/wii\libogc.a(system.o)
                0x812621d0                __SYS_PreInit
 .text.SYS_PreMain
                0x812621d4       0x50 C:/MinGW/msys/1.0/opt/devkitpro/libogc/lib/wii\libogc.a(system.o)
                0x812621d4                SYS_PreMain
 .text.SYS_ResetButtonDown
                0x81262224       0x1c C:/MinGW/msys/1.0/opt/devkitpro/libogc/lib/wii\libogc.a(system.o)
                0x81262224                SYS_ResetButtonDown
 .text.__STMEventHandler
                0x81262240       0xac C:/MinGW/msys/1.0/opt/devkitpro/libogc/lib/wii\libogc.a(system.o)
 .text.SYS_ResetSystem